Component: ARM Compiler 5.06 update 5 (build 528) Tool: armlink [4d35e2]

==============================================================================

Section Cross References

    main.o(i.main) refers to stm32f10x_rcc.o(i.RCC_APB2PeriphClockCmd) for RCC_APB2PeriphClockCmd
    main.o(i.main) refers to usart.o(i.Usart1_Init) for Usart1_Init
    main.o(i.main) refers to usart.o(i.Usart2_Init) for Usart2_Init
    main.o(i.main) refers to led.o(i.LED_Init) for LED_Init
    main.o(i.main) refers to oled.o(i.OLED_Init) for OLED_Init
    main.o(i.main) refers to dht.o(i.DHT11_Init) for DHT11_Init
    main.o(i.main) refers to gy-302.o(i.BH1750_Init) for BH1750_Init
    main.o(i.main) refers to oled.o(i.OLED_Clear) for OLED_Clear
    main.o(i.main) refers to usart.o(i.UsartPrintf) for UsartPrintf
    main.o(i.main) refers to esp8266.o(i.ESP8266_Init) for ESP8266_Init
    main.o(i.main) refers to delay.o(i.Delay_ms) for Delay_ms
    main.o(i.main) refers to onenet.o(i.OneNet_DevLink) for OneNet_DevLink
    main.o(i.main) refers to led.o(i.LED_Data) for LED_Data
    main.o(i.main) refers to onenet.o(i.OneNet_Subscribe) for OneNet_Subscribe
    main.o(i.main) refers to password.o(i.PassWord_Init) for PassWord_Init
    main.o(i.main) refers to password.o(i.Rest_PassWord) for Rest_PassWord
    main.o(i.main) refers to gy-302.o(i.i2c_CheckDevice) for i2c_CheckDevice
    main.o(i.main) refers to gy-302.o(i.LIght_Intensity) for LIght_Intensity
    main.o(i.main) refers to ffixui.o(.text) for __aeabi_f2uiz
    main.o(i.main) refers to oled.o(i.OLED_ShowNum) for OLED_ShowNum
    main.o(i.main) refers to oled.o(i.OLED_ShowString) for OLED_ShowString
    main.o(i.main) refers to f2d.o(.text) for __aeabi_f2d
    main.o(i.main) refers to dht.o(i.DHT11_ReadData) for DHT11_ReadData
    main.o(i.main) refers to printfa.o(i.__0sprintf) for __2sprintf
    main.o(i.main) refers to onenet.o(i.OneNet_Publish) for OneNet_Publish
    main.o(i.main) refers to esp8266.o(i.ESP8266_Clear) for ESP8266_Clear
    main.o(i.main) refers to esp8266.o(i.ESP8266_GetIPD) for ESP8266_GetIPD
    main.o(i.main) refers to onenet.o(i.OneNet_RevPro) for OneNet_RevPro
    main.o(i.main) refers to main.o(.data) for topics
    main.o(i.main) refers to dht.o(.data) for ret
    main.o(i.main) refers to main.o(.bss) for PUB_BUF
    main.o(i.main) refers to main.o(.constdata) for topics_1
    main.o(.data) refers to main.o(.conststring) for .conststring
    startup_stm32f10x_ld.o(RESET) refers to startup_stm32f10x_ld.o(STACK) for __initial_sp
    startup_stm32f10x_ld.o(RESET) refers to startup_stm32f10x_ld.o(.text) for Reset_Handler
    startup_stm32f10x_ld.o(RESET) refers to stm32f10x_it.o(i.NMI_Handler) for NMI_Handler
    startup_stm32f10x_ld.o(RESET) refers to stm32f10x_it.o(i.HardFault_Handler) for HardFault_Handler
    startup_stm32f10x_ld.o(RESET) refers to stm32f10x_it.o(i.MemManage_Handler) for MemManage_Handler
    startup_stm32f10x_ld.o(RESET) refers to stm32f10x_it.o(i.BusFault_Handler) for BusFault_Handler
    startup_stm32f10x_ld.o(RESET) refers to stm32f10x_it.o(i.UsageFault_Handler) for UsageFault_Handler
    startup_stm32f10x_ld.o(RESET) refers to stm32f10x_it.o(i.SVC_Handler) for SVC_Handler
    startup_stm32f10x_ld.o(RESET) refers to stm32f10x_it.o(i.DebugMon_Handler) for DebugMon_Handler
    startup_stm32f10x_ld.o(RESET) refers to stm32f10x_it.o(i.PendSV_Handler) for PendSV_Handler
    startup_stm32f10x_ld.o(RESET) refers to stm32f10x_it.o(i.SysTick_Handler) for SysTick_Handler
    startup_stm32f10x_ld.o(RESET) refers to usart.o(i.USART1_IRQHandler) for USART1_IRQHandler
    startup_stm32f10x_ld.o(RESET) refers to esp8266.o(i.USART2_IRQHandler) for USART2_IRQHandler
    startup_stm32f10x_ld.o(.text) refers to system_stm32f10x.o(i.SystemInit) for SystemInit
    startup_stm32f10x_ld.o(.text) refers to entry.o(.ARM.Collect$$$$00000000) for __main
    system_stm32f10x.o(i.SetSysClock) refers to system_stm32f10x.o(i.SetSysClockTo72) for SetSysClockTo72
    system_stm32f10x.o(i.SystemCoreClockUpdate) refers to system_stm32f10x.o(.data) for SystemCoreClock
    system_stm32f10x.o(i.SystemInit) refers to system_stm32f10x.o(i.SetSysClock) for SetSysClock
    stm32f10x_adc.o(i.ADC_DeInit) refers to stm32f10x_rcc.o(i.RCC_APB2PeriphResetCmd) for RCC_APB2PeriphResetCmd
    stm32f10x_bkp.o(i.BKP_DeInit) refers to stm32f10x_rcc.o(i.RCC_BackupResetCmd) for RCC_BackupResetCmd
    stm32f10x_can.o(i.CAN_DeInit) refers to stm32f10x_rcc.o(i.RCC_APB1PeriphResetCmd) for RCC_APB1PeriphResetCmd
    stm32f10x_can.o(i.CAN_GetITStatus) refers to stm32f10x_can.o(i.CheckITStatus) for CheckITStatus
    stm32f10x_cec.o(i.CEC_DeInit) refers to stm32f10x_rcc.o(i.RCC_APB1PeriphResetCmd) for RCC_APB1PeriphResetCmd
    stm32f10x_dac.o(i.DAC_DeInit) refers to stm32f10x_rcc.o(i.RCC_APB1PeriphResetCmd) for RCC_APB1PeriphResetCmd
    stm32f10x_flash.o(i.FLASH_EnableWriteProtection) refers to stm32f10x_flash.o(i.FLASH_WaitForLastOperation) for FLASH_WaitForLastOperation
[...]
    Extend\OLED.c                            0x00000000   Number         0  oled.o ABSOLUTE
    Extend\PassWord.c                        0x00000000   Number         0  password.o ABSOLUTE
    Extend\key_JZ.c                          0x00000000   Number         0  key_jz.o ABSOLUTE
    Extend\usart.c                           0x00000000   Number         0  usart.o ABSOLUTE
    Library\misc.c                           0x00000000   Number         0  misc.o ABSOLUTE
    Library\stm32f10x_adc.c                  0x00000000   Number         0  stm32f10x_adc.o ABSOLUTE
    Library\stm32f10x_bkp.c                  0x00000000   Number         0  stm32f10x_bkp.o ABSOLUTE
    Library\stm32f10x_can.c                  0x00000000   Number         0  stm32f10x_can.o ABSOLUTE
    Library\stm32f10x_cec.c                  0x00000000   Number         0  stm32f10x_cec.o ABSOLUTE
    Library\stm32f10x_crc.c                  0x00000000   Number         0  stm32f10x_crc.o ABSOLUTE
    Library\stm32f10x_dac.c                  0x00000000   Number         0  stm32f10x_dac.o ABSOLUTE
    Library\stm32f10x_dbgmcu.c               0x00000000   Number         0  stm32f10x_dbgmcu.o ABSOLUTE
    Library\stm32f10x_dma.c                  0x00000000   Number         0  stm32f10x_dma.o ABSOLUTE
    Library\stm32f10x_exti.c                 0x00000000   Number         0  stm32f10x_exti.o ABSOLUTE
    Library\stm32f10x_flash.c                0x00000000   Number         0  stm32f10x_flash.o ABSOLUTE
    Library\stm32f10x_fsmc.c                 0x00000000   Number         0  stm32f10x_fsmc.o ABSOLUTE
    Library\stm32f10x_gpio.c                 0x00000000   Number         0  stm32f10x_gpio.o ABSOLUTE
    Library\stm32f10x_i2c.c                  0x00000000   Number         0  stm32f10x_i2c.o ABSOLUTE
    Library\stm32f10x_iwdg.c                 0x00000000   Number         0  stm32f10x_iwdg.o ABSOLUTE
    Library\stm32f10x_pwr.c                  0x00000000   Number         0  stm32f10x_pwr.o ABSOLUTE
    Library\stm32f10x_rcc.c                  0x00000000   Number         0  stm32f10x_rcc.o ABSOLUTE
    Library\stm32f10x_rtc.c                  0x00000000   Number         0  stm32f10x_rtc.o ABSOLUTE
    Library\stm32f10x_sdio.c                 0x00000000   Number         0  stm32f10x_sdio.o ABSOLUTE
    Library\stm32f10x_spi.c                  0x00000000   Number         0  stm32f10x_spi.o ABSOLUTE
    Library\stm32f10x_tim.c                  0x00000000   Number         0  stm32f10x_tim.o ABSOLUTE
    Library\stm32f10x_usart.c                0x00000000   Number         0  stm32f10x_usart.o ABSOLUTE
    Library\stm32f10x_wwdg.c                 0x00000000   Number         0  stm32f10x_wwdg.o ABSOLUTE
    OneNET\MqttKit.c                         0x00000000   Number         0  mqttkit.o ABSOLUTE
    OneNET\cJSON.c                           0x00000000   Number         0  cjson.o ABSOLUTE
    OneNET\esp8266.c                         0x00000000   Number         0  esp8266.o ABSOLUTE
    OneNET\onenet.c                          0x00000000   Number         0  onenet.o ABSOLUTE
    Start\\core_cm3.c                        0x00000000   Number         0  core_cm3.o ABSOLUTE
    Start\core_cm3.c                         0x00000000   Number         0  core_cm3.o ABSOLUTE
    Start\startup_stm32f10x_ld.s             0x00000000   Number         0  startup_stm32f10x_ld.o ABSOLUTE
    Start\system_stm32f10x.c                 0x00000000   Number         0  system_stm32f10x.o ABSOLUTE
    User\main.c                              0x00000000   Number         0  main.o ABSOLUTE
    User\stm32f10x_it.c                      0x00000000   Number         0  stm32f10x_it.o ABSOLUTE
    cdcmple.s                                0x00000000   Number         0  cdcmple.o ABSOLUTE
    cdrcmple.s                               0x00000000   Number         0  cdrcmple.o ABSOLUTE
    dc.s                                     0x00000000   Number         0  dc.o ABSOLUTE
    handlers.s                               0x00000000   Number         0  handlers.o ABSOLUTE
    init.s                                   0x00000000   Number         0  init.o ABSOLUTE
    RESET                                    0x08000000   Section      236  startup_stm32f10x_ld.o(RESET)
    .ARM.Collect$$$$00000000                 0x080000ec   Section        0  entry.o(.ARM.Collect$$$$00000000)
    .ARM.Collect$$$$00000001                 0x080000ec   Section        4  entry2.o(.ARM.Collect$$$$00000001)
    .ARM.Collect$$$$00000004                 0x080000f0   Section        4  entry5.o(.ARM.Collect$$$$00000004)
    .ARM.Collect$$$$00000008                 0x080000f4   Section        0  entry7b.o(.ARM.Collect$$$$00000008)
    .ARM.Collect$$$$0000000A                 0x080000f4   Section        0  entry8b.o(.ARM.Collect$$$$0000000A)
    .ARM.Collect$$$$0000000B                 0x080000f4   Section        8  entry9a.o(.ARM.Collect$$$$0000000B)
    .ARM.Collect$$$$0000000D                 0x080000fc   Section        0  entry10a.o(.ARM.Collect$$$$0000000D)
    .ARM.Collect$$$$0000000F                 0x080000fc   Section        0  entry11a.o(.ARM.Collect$$$$0000000F)
    .ARM.Collect$$$$00002712                 0x080000fc   Section        4  entry2.o(.ARM.Collect$$$$00002712)
    __lit__00000000                          0x080000fc   Data           4  entry2.o(.ARM.Collect$$$$00002712)
    .text                                    0x08000100   Section       36  startup_stm32f10x_ld.o(.text)
    .text                                    0x08000124   Section        0  tolower.o(.text)
    .text                                    0x08000130   Section        0  memcpya.o(.text)
    .text                                    0x08000154   Section        0  memseta.o(.text)
    .text                                    0x08000178   Section        0  strstr.o(.text)
    .text                                    0x0800019c   Section        0  strchr.o(.text)
    .text                                    0x080001b0   Section        0  strlen.o(.text)
    .text                                    0x080001be   Section        0  strncat.o(.text)
    .text                                    0x080001e6   Section        0  strncmp.o(.text)
    .text                                    0x08000204   Section        0  atoi.o(.text)
    .text                                    0x0800021e   Section        0  fmul.o(.text)
    .text                                    0x08000282   Section        0  fdiv.o(.text)
    .text                                    0x080002fe   Section        0  dadd.o(.text)
    .text                                    0x0800044c   Section        0  dmul.o(.text)
    .text                                    0x08000530   Section        0  ffltui.o(.text)
    .text                                    0x0800053a   Section        0  dflti.o(.text)
    .text                                    0x0800055c   Section        0  ffixui.o(.text)
    .text                                    0x08000584   Section        0  dfixi.o(.text)
    .text                                    0x080005c2   Section        0  f2d.o(.text)
    .text                                    0x080005e8   Section       48  cdrcmple.o(.text)
    .text                                    0x08000618   Section        0  uidiv.o(.text)
    .text                                    0x08000644   Section        0  uldiv.o(.text)
    .text                                    0x080006a6   Section        0  llshl.o(.text)
    .text                                    0x080006c4   Section        0  llushr.o(.text)
    .text                                    0x080006e4   Section        0  llsshr.o(.text)
    .text                                    0x08000708   Section        0  strtol.o(.text)
    .text                                    0x08000778   Section        0  fepilogue.o(.text)
    .text                                    0x08000778   Section        0  iusefp.o(.text)
    .text                                    0x080007e6   Section        0  depilogue.o(.text)
    .text                                    0x080008a0   Section        0  ddiv.o(.text)
    .text                                    0x0800097e   Section        0  dscalb.o(.text)
    .text                                    0x080009ac   Section        0  dfixul.o(.text)
    .text                                    0x080009dc   Section       36  init.o(.text)
    .text                                    0x08000a00   Section        0  ctype_o.o(.text)
    .text                                    0x08000a08   Section        0  _strtoul.o(.text)
    .text                                    0x08000aa6   Section        0  dsqrt.o(.text)
    .text                                    0x08000b48   Section        0  _chval.o(.text)
    i.AT24C02_Init                           0x08000b64   Section        0  at24c02.o(i.AT24C02_Init)
    i.At24c02Read                            0x08000bb4   Section        0  at24c02.o(i.At24c02Read)
    i.At24c02Write                           0x08000be6   Section        0  at24c02.o(i.At24c02Write)
    i.BH1750_Byte_Write                      0x08000c0e   Section        0  gy-302.o(i.BH1750_Byte_Write)
    i.BH1750_Init                            0x08000c40   Section        0  gy-302.o(i.BH1750_Init)
    i.BH1750_Power_ON                        0x08000c52   Section        0  gy-302.o(i.BH1750_Power_ON)
    i.BH1750_Read_Measure                    0x08000c5c   Section        0  gy-302.o(i.BH1750_Read_Measure)
    i.BusFault_Handler                       0x08000c96   Section        0  stm32f10x_it.o(i.BusFault_Handler)
    i.DH11_ReadByte                          0x08000c9c   Section        0  dht.o(i.DH11_ReadByte)
    i.DHT11_Init                             0x08000d04   Section        0  dht.o(i.DHT11_Init)
    i.DHT11_ReadData                         0x08000d0c   Section        0  dht.o(i.DHT11_ReadData)
    i.DebugMon_Handler                       0x08000d78   Section        0  stm32f10x_it.o(i.DebugMon_Handler)
    i.Delay_ms                               0x08000d7a   Section        0  delay.o(i.Delay_ms)
    i.Delay_us                               0x08000d92   Section        0  delay.o(i.Delay_us)
    i.ESP8266_Clear                          0x08000dc0   Section        0  esp8266.o(i.ESP8266_Clear)
    i.ESP8266_GetIPD                         0x08000ddc   Section        0  esp8266.o(i.ESP8266_GetIPD)
    i.ESP8266_Init                           0x08000e2c   Section        0  esp8266.o(i.ESP8266_Init)
    i.ESP8266_SendCmd                        0x08001054   Section        0  esp8266.o(i.ESP8266_SendCmd)
    i.ESP8266_SendData                       0x080010a8   Section        0  esp8266.o(i.ESP8266_SendData)
    i.ESP8266_WaitRecive                     0x080010f0   Section        0  esp8266.o(i.ESP8266_WaitRecive)
    i.First_I2C_ReadByte                     0x08001124   Section        0  at24c02.o(i.First_I2C_ReadByte)
    i.First_I2C_SendByte                     0x08001188   Section        0  at24c02.o(i.First_I2C_SendByte)
    i.First_I2C_Start                        0x08001248   Section        0  at24c02.o(i.First_I2C_Start)
    i.First_I2C_Stop                         0x08001294   Section        0  at24c02.o(i.First_I2C_Stop)
    i.GPIO_DTH11                             0x080012d0   Section        0  dht.o(i.GPIO_DTH11)
    i.GPIO_Init                              0x08001304   Section        0  stm32f10x_gpio.o(i.GPIO_Init)
    i.GPIO_ReadInputDataBit                  0x0800141a   Section        0  stm32f10x_gpio.o(i.GPIO_ReadInputDataBit)
    i.GPIO_WriteBit                          0x0800142c   Section        0  stm32f10x_gpio.o(i.GPIO_WriteBit)
    i.HardFault_Handler                      0x08001436   Section        0  stm32f10x_it.o(i.HardFault_Handler)
    i.I2C_BH1750_GPIOConfig                  0x0800143c   Section        0  gy-302.o(i.I2C_BH1750_GPIOConfig)
    I2C_BH1750_GPIOConfig                    0x0800143d   Thumb Code    42  gy-302.o(i.I2C_BH1750_GPIOConfig)
    i.KEY_GPIOInit                           0x0800146c   Section        0  key_jz.o(i.KEY_GPIOInit)
    i.Key_Amend                              0x080014b4   Section        0  password.o(i.Key_Amend)
    i.Key_Input                              0x080016a4   Section        0  password.o(i.Key_Input)
    i.Key_return                             0x080018c4   Section        0  key_jz.o(i.Key_return)
    i.LED_Data                               0x08001be0   Section        0  led.o(i.LED_Data)
    i.LED_Init                               0x08001c04   Section        0  led.o(i.LED_Init)
    i.LIght_Intensity                        0x08001c30   Section        0  gy-302.o(i.LIght_Intensity)
    i.MQTT_DeleteBuffer                      0x08001c54   Section        0  mqttkit.o(i.MQTT_DeleteBuffer)
    i.MQTT_DumpLength                        0x08001c70   Section        0  mqttkit.o(i.MQTT_DumpLength)
    i.MQTT_NewBuffer                         0x08001c9e   Section        0  mqttkit.o(i.MQTT_NewBuffer)
    i.MQTT_PacketConnect                     0x08001cf8   Section        0  mqttkit.o(i.MQTT_PacketConnect)
    i.MQTT_PacketPublish                     0x08001f98   Section        0  mqttkit.o(i.MQTT_PacketPublish)
    i.MQTT_PacketPublishComp                 0x08002150   Section        0  mqttkit.o(i.MQTT_PacketPublishComp)
    i.MQTT_PacketPublishRel                  0x08002198   Section        0  mqttkit.o(i.MQTT_PacketPublishRel)
    i.MQTT_PacketSubscribe                   0x080021e0   Section        0  mqttkit.o(i.MQTT_PacketSubscribe)
    i.MQTT_ReadLength                        0x080022de   Section        0  mqttkit.o(i.MQTT_ReadLength)
    i.MQTT_UnPacketCmd                       0x08002324   Section        0  mqttkit.o(i.MQTT_UnPacketCmd)
    i.MQTT_UnPacketConnectAck                0x080023b0   Section        0  mqttkit.o(i.MQTT_UnPacketConnectAck)
    i.MQTT_UnPacketPublish                   0x080023d0   Section        0  mqttkit.o(i.MQTT_UnPacketPublish)
    i.MQTT_UnPacketPublishAck                0x08002590   Section        0  mqttkit.o(i.MQTT_UnPacketPublishAck)
    i.MQTT_UnPacketPublishComp               0x080025ae   Section        0  mqttkit.o(i.MQTT_UnPacketPublishComp)
    i.MQTT_UnPacketPublishRec                0x080025cc   Section        0  mqttkit.o(i.MQTT_UnPacketPublishRec)
    i.MQTT_UnPacketPublishRel                0x080025ea   Section        0  mqttkit.o(i.MQTT_UnPacketPublishRel)
    i.MQTT_UnPacketRecv                      0x08002610   Section        0  mqttkit.o(i.MQTT_UnPacketRecv)
    i.MQTT_UnPacketSubscribe                 0x08002684   Section        0  mqttkit.o(i.MQTT_UnPacketSubscribe)
    i.MQTT_UnPacketUnSubscribe               0x080026b8   Section        0  mqttkit.o(i.MQTT_UnPacketUnSubscribe)
    i.Mcu_start                              0x080026cc   Section        0  dht.o(i.Mcu_start)
    i.MemManage_Handler                      0x080026f0   Section        0  stm32f10x_it.o(i.MemManage_Handler)
    i.NMI_Handler                            0x080026f4   Section        0  stm32f10x_it.o(i.NMI_Handler)
    i.NVIC_Init                              0x080026f8   Section        0  misc.o(i.NVIC_Init)
    i.OLED_Clear                             0x08002768   Section        0  oled.o(i.OLED_Clear)
    i.OLED_I2C_Init                          0x08002794   Section        0  oled.o(i.OLED_I2C_Init)
    i.OLED_I2C_SendByte                      0x080027e4   Section        0  oled.o(i.OLED_I2C_SendByte)
    i.OLED_I2C_Start                         0x08002834   Section        0  oled.o(i.OLED_I2C_Start)
    i.OLED_I2C_Stop                          0x08002868   Section        0  oled.o(i.OLED_I2C_Stop)
    i.OLED_Init                              0x08002890   Section        0  oled.o(i.OLED_Init)
    i.OLED_Pow                               0x0800293e   Section        0  oled.o(i.OLED_Pow)
    i.OLED_SetCursor                         0x08002952   Section        0  oled.o(i.OLED_SetCursor)
    i.OLED_ShowChar                          0x08002974   Section        0  oled.o(i.OLED_ShowChar)
    i.OLED_ShowNum                           0x080029e8   Section        0  oled.o(i.OLED_ShowNum)
    i.OLED_ShowString                        0x08002a2c   Section        0  oled.o(i.OLED_ShowString)
    i.OLED_WriteCommand                      0x08002a54   Section        0  oled.o(i.OLED_WriteCommand)
    i.OLED_WriteData                         0x08002a74   Section        0  oled.o(i.OLED_WriteData)
    i.OLED_main                              0x08002a94   Section        0  password.o(i.OLED_main)
    i.OneNet_DevLink                         0x08002ad4   Section        0  onenet.o(i.OneNet_DevLink)
    i.OneNet_Publish                         0x08002cf8   Section        0  onenet.o(i.OneNet_Publish)
    i.OneNet_RevPro                          0x08002d74   Section        0  onenet.o(i.OneNet_RevPro)
    i.OneNet_Subscribe                       0x08003148   Section        0  onenet.o(i.OneNet_Subscribe)
    i.PassWord_Init                          0x080031b4   Section        0  password.o(i.PassWord_Init)
    i.PendSV_Handler                         0x080031fc   Section        0  stm32f10x_it.o(i.PendSV_Handler)
    i.RCC_APB1PeriphClockCmd                 0x08003200   Section        0  stm32f10x_rcc.o(i.RCC_APB1PeriphClockCmd)
    i.RCC_APB2PeriphClockCmd                 0x08003220   Section        0  stm32f10x_rcc.o(i.RCC_APB2PeriphClockCmd)
    i.RCC_GetClocksFreq                      0x08003240   Section        0  stm32f10x_rcc.o(i.RCC_GetClocksFreq)
    i.Rest_PassWord                          0x08003314   Section        0  password.o(i.Rest_PassWord)
    i.SVC_Handler                            0x080033a4   Section        0  stm32f10x_it.o(i.SVC_Handler)
    i.SetSysClock                            0x080033a6   Section        0  system_stm32f10x.o(i.SetSysClock)
    SetSysClock                              0x080033a7   Thumb Code     8  system_stm32f10x.o(i.SetSysClock)
    i.SetSysClockTo72                        0x080033b0   Section        0  system_stm32f10x.o(i.SetSysClockTo72)
    SetSysClockTo72                          0x080033b1   Thumb Code   214  system_stm32f10x.o(i.SetSysClockTo72)
    i.SysTick_Handler                        0x08003490   Section        0  stm32f10x_it.o(i.SysTick_Handler)
    i.SystemInit                             0x08003494   Section        0  system_stm32f10x.o(i.SystemInit)
    i.USART1_IRQHandler                      0x080034f4   Section        0  usart.o(i.USART1_IRQHandler)
    i.USART2_IRQHandler                      0x08003510   Section        0  esp8266.o(i.USART2_IRQHandler)
    i.USART_ClearFlag                        0x0800355c   Section        0  stm32f10x_usart.o(i.USART_ClearFlag)
    i.USART_Cmd                              0x0800356e   Section        0  stm32f10x_usart.o(i.USART_Cmd)
    i.USART_GetFlagStatus                    0x08003586   Section        0  stm32f10x_usart.o(i.USART_GetFlagStatus)
    i.USART_GetITStatus                      0x080035a0   Section        0  stm32f10x_usart.o(i.USART_GetITStatus)
    i.USART_ITConfig                         0x080035f4   Section        0  stm32f10x_usart.o(i.USART_ITConfig)
    i.USART_Init                             0x08003640   Section        0  stm32f10x_usart.o(i.USART_Init)
    i.USART_SendData                         0x08003718   Section        0  stm32f10x_usart.o(i.USART_SendData)
    i.UsageFault_Handler                     0x08003720   Section        0  stm32f10x_it.o(i.UsageFault_Handler)
    i.Usart1_Init                            0x08003724   Section        0  usart.o(i.Usart1_Init)
    i.Usart2_Init                            0x080037d4   Section        0  usart.o(i.Usart2_Init)
    i.UsartPrintf                            0x08003880   Section        0  usart.o(i.UsartPrintf)
    i.Usart_SendString                       0x080038c8   Section        0  usart.o(i.Usart_SendString)
    i.__0sprintf                             0x080038fc   Section        0  printfa.o(i.__0sprintf)
    i.__0vsnprintf                           0x08003924   Section        0  printfa.o(i.__0vsnprintf)
    i.__ARM_fpclassify                       0x08003950   Section        0  fpclassify.o(i.__ARM_fpclassify)
    i.__aeabi_errno_addr                     0x08003978   Section        0  errno.o(i.__aeabi_errno_addr)
    i.__kernel_poly                          0x08003980   Section        0  poly.o(i.__kernel_poly)
    i.__mathlib_dbl_divzero                  0x08003a2c   Section        0  dunder.o(i.__mathlib_dbl_divzero)
    i.__mathlib_dbl_infnan2                  0x08003a3c   Section        0  dunder.o(i.__mathlib_dbl_infnan2)
    i.__mathlib_dbl_invalid                  0x08003a40   Section        0  dunder.o(i.__mathlib_dbl_invalid)
    i.__mathlib_dbl_overflow                 0x08003a4c   Section        0  dunder.o(i.__mathlib_dbl_overflow)
    i.__mathlib_dbl_underflow                0x08003a5c   Section        0  dunder.o(i.__mathlib_dbl_underflow)
    i.__scatterload_copy                     0x08003a6c   Section       14  handlers.o(i.__scatterload_copy)
    i.__scatterload_null                     0x08003a7a   Section        2  handlers.o(i.__scatterload_null)
    i.__scatterload_zeroinit                 0x08003a7c   Section       14  handlers.o(i.__scatterload_zeroinit)
    i.__set_errno                            0x08003a8c   Section        0  errno.o(i.__set_errno)
    i._fp_digits                             0x08003a98   Section        0  printfa.o(i._fp_digits)
    _fp_digits                               0x08003a99   Thumb Code   366  printfa.o(i._fp_digits)
    i._printf_core                           0x08003c1c   Section        0  printfa.o(i._printf_core)
    _printf_core                             0x08003c1d   Thumb Code  1744  printfa.o(i._printf_core)
    i._printf_post_padding                   0x080042f8   Section        0  printfa.o(i._printf_post_padding)
    _printf_post_padding                     0x080042f9   Thumb Code    36  printfa.o(i._printf_post_padding)
    i._printf_pre_padding                    0x0800431c   Section        0  printfa.o(i._printf_pre_padding)
    _printf_pre_padding                      0x0800431d   Thumb Code    46  printfa.o(i._printf_pre_padding)
    i._snputc                                0x0800434a   Section        0  printfa.o(i._snputc)
    _snputc                                  0x0800434b   Thumb Code    22  printfa.o(i._snputc)
    i._sputc                                 0x08004360   Section        0  printfa.o(i._sputc)
    _sputc                                   0x08004361   Thumb Code    10  printfa.o(i._sputc)
    i.cJSON_Delete                           0x0800436c   Section        0  cjson.o(i.cJSON_Delete)
    i.cJSON_GetErrorPtr                      0x080043c4   Section        0  cjson.o(i.cJSON_GetErrorPtr)
    i.cJSON_GetObjectItem                    0x080043d0   Section        0  cjson.o(i.cJSON_GetObjectItem)
    i.cJSON_New_Item                         0x080043f0   Section        0  cjson.o(i.cJSON_New_Item)
    cJSON_New_Item                           0x080043f1   Thumb Code    26  cjson.o(i.cJSON_New_Item)
    i.cJSON_Parse                            0x08004410   Section        0  cjson.o(i.cJSON_Parse)
    i.cJSON_ParseWithOpts                    0x08004420   Section        0  cjson.o(i.cJSON_ParseWithOpts)
    i.cJSON_strcasecmp                       0x08004484   Section        0  cjson.o(i.cJSON_strcasecmp)
    cJSON_strcasecmp                         0x08004485   Thumb Code    76  cjson.o(i.cJSON_strcasecmp)
    i.dht11_response                         0x080044d0   Section        0  dht.o(i.dht11_response)
    i.free                                   0x08004518   Section        0  malloc.o(i.free)
    i.i2c_Ack                                0x08004568   Section        0  gy-302.o(i.i2c_Ack)
    i.i2c_CheckDevice                        0x08004598   Section        0  gy-302.o(i.i2c_CheckDevice)
    i.i2c_Delay                              0x080045b4   Section        0  gy-302.o(i.i2c_Delay)
    i2c_Delay                                0x080045b5   Thumb Code    14  gy-302.o(i.i2c_Delay)
    i.i2c_NAck                               0x080045c4   Section        0  gy-302.o(i.i2c_NAck)
    i.i2c_ReadByte                           0x080045ec   Section        0  gy-302.o(i.i2c_ReadByte)
    i.i2c_SendByte                           0x08004630   Section        0  gy-302.o(i.i2c_SendByte)
    i.i2c_Start                              0x08004684   Section        0  gy-302.o(i.i2c_Start)
    i.i2c_Stop                               0x080046b4   Section        0  gy-302.o(i.i2c_Stop)
    i.i2c_WaitAck                            0x080046d4   Section        0  gy-302.o(i.i2c_WaitAck)
    i.main                                   0x08004710   Section        0  main.o(i.main)
    i.malloc                                 0x0800491c   Section        0  malloc.o(i.malloc)
    i.parse_array                            0x08004988   Section        0  cjson.o(i.parse_array)
    parse_array                              0x08004989   Thumb Code   166  cjson.o(i.parse_array)
    i.parse_hex4                             0x08004a34   Section        0  cjson.o(i.parse_hex4)
    parse_hex4                               0x08004a35   Thumb Code   276  cjson.o(i.parse_hex4)
    i.parse_number                           0x08004b48   Section        0  cjson.o(i.parse_number)
    parse_number                             0x08004b49   Thumb Code   432  cjson.o(i.parse_number)
    i.parse_object                           0x08004d04   Section        0  cjson.o(i.parse_object)
    parse_object                             0x08004d05   Thumb Code   270  cjson.o(i.parse_object)
    i.parse_string                           0x08004e18   Section        0  cjson.o(i.parse_string)
    parse_string                             0x08004e19   Thumb Code   448  cjson.o(i.parse_string)
    i.parse_value                            0x08004fe4   Section        0  cjson.o(i.parse_value)
    parse_value                              0x08004fe5   Thumb Code   158  cjson.o(i.parse_value)
    i.pow                                    0x080050a0   Section        0  pow.o(i.pow)
    i.skip                                   0x08005a78   Section        0  cjson.o(i.skip)
    skip                                     0x08005a79   Thumb Code    18  cjson.o(i.skip)
    i.sqrt                                   0x08005a8a   Section        0  sqrt.o(i.sqrt)
    .constdata                               0x08005ad6   Section       18  main.o(.constdata)
    .constdata                               0x08005ae8   Section     1520  oled.o(.constdata)
    .constdata                               0x080060d8   Section        7  cjson.o(.constdata)
    firstByteMark                            0x080060d8   Data           7  cjson.o(.constdata)
    .constdata                               0x080060e0   Section      136  pow.o(.constdata)
    bp                                       0x080060e0   Data          16  pow.o(.constdata)
    dp_h                                     0x080060f0   Data          16  pow.o(.constdata)
    dp_l                                     0x08006100   Data          16  pow.o(.constdata)
    L                                        0x08006110   Data          48  pow.o(.constdata)
    P                                        0x08006140   Data          40  pow.o(.constdata)
    .constdata                               0x08006168   Section        8  qnan.o(.constdata)
    .constdata                               0x08006170   Section      129  ctype_o.o(.constdata)
    .constdata                               0x080061f4   Section        4  ctype_o.o(.constdata)
    table                                    0x080061f4   Data           4  ctype_o.o(.constdata)
    .conststring                             0x080061f8   Section       18  main.o(.conststring)
    .data                                    0x20000000   Section       12  main.o(.data)
    .data                                    0x2000000c   Section       20  stm32f10x_rcc.o(.data)
    APBAHBPrescTable                         0x2000000c   Data          16  stm32f10x_rcc.o(.data)
    ADCPrescTable                            0x2000001c   Data           4  stm32f10x_rcc.o(.data)
    .data                                    0x20000020   Section        6  dht.o(.data)
    .data                                    0x20000026   Section        4  password.o(.data)
    .data                                    0x2000002a   Section        4  esp8266.o(.data)
    .data                                    0x2000002e   Section        2  onenet.o(.data)
    pkt_id                                   0x2000002e   Data           2  onenet.o(.data)
    .data                                    0x20000030   Section       12  cjson.o(.data)
    ep                                       0x20000030   Data           4  cjson.o(.data)
    cJSON_malloc                             0x20000034   Data           4  cjson.o(.data)
    cJSON_free                               0x20000038   Data           4  cjson.o(.data)
    .data                                    0x2000003c   Section        4  mvars.o(.data)
    .data                                    0x20000040   Section        4  mvars.o(.data)
    .data                                    0x20000044   Section        4  errno.o(.data)
    _errno                                   0x20000044   Data           4  errno.o(.data)
    .bss                                     0x20000048   Section      256  main.o(.bss)
    .bss                                     0x20000148   Section       20  password.o(.bss)
    .bss                                     0x2000015c   Section      128  esp8266.o(.bss)
    HEAP                                     0x200001e0   Section      512  startup_stm32f10x_ld.o(HEAP)
    STACK                                    0x200003e0   Section     1024  startup_stm32f10x_ld.o(STACK)

    Global Symbols

    Symbol Name                              Value     Ov Type        Size  Object(Section)

    BuildAttributes$$THM_ISAv4$P$D$K$B$S$PE$A:L22UL41UL21$X:L11$S22US41US21$IEEE1$IW$USESV6$~STKCKD$USESV7$~SHL$OTIME$ROPI$IEEEX$EBA8$MICROLIB$REQ8$PRES8$EABIv2 0x00000000   Number         0  anon$$obj.o ABSOLUTE
    __ARM_use_no_argv                        0x00000000   Number         0  main.o ABSOLUTE
    _printf_a                                0x00000000   Number         0  stubs.o ABSOLUTE
    _printf_c                                0x00000000   Number         0  stubs.o ABSOLUTE
    _printf_charcount                        0x00000000   Number         0  stubs.o ABSOLUTE
    _printf_d                                0x00000000   Number         0  stubs.o ABSOLUTE
    _printf_e                                0x00000000   Number         0  stubs.o ABSOLUTE
    _printf_f                                0x00000000   Number         0  stubs.o ABSOLUTE
    _printf_flags                            0x00000000   Number         0  stubs.o ABSOLUTE
    _printf_fp_dec                           0x00000000   Number         0  stubs.o ABSOLUTE
    _printf_fp_hex                           0x00000000   Number         0  stubs.o ABSOLUTE
    _printf_g                                0x00000000   Number         0  stubs.o ABSOLUTE
    _printf_i                                0x00000000   Number         0  stubs.o ABSOLUTE
    _printf_int_dec                          0x00000000   Number         0  stubs.o ABSOLUTE
    _printf_l                                0x00000000   Number         0  stubs.o ABSOLUTE
    _printf_lc                               0x00000000   Number         0  stubs.o ABSOLUTE
    _printf_ll                               0x00000000   Number         0  stubs.o ABSOLUTE
    _printf_lld                              0x00000000   Number         0  stubs.o ABSOLUTE
    _printf_lli                              0x00000000   Number         0  stubs.o ABSOLUTE
    _printf_llo                              0x00000000   Number         0  stubs.o ABSOLUTE
    _printf_llu                              0x00000000   Number         0  stubs.o ABSOLUTE
    _printf_llx                              0x00000000   Number         0  stubs.o ABSOLUTE
    _printf_longlong_dec                     0x00000000   Number         0  stubs.o ABSOLUTE
    _printf_longlong_hex                     0x00000000   Number         0  stubs.o ABSOLUTE
    _printf_longlong_oct                     0x00000000   Number         0  stubs.o ABSOLUTE
    _printf_ls                               0x00000000   Number         0  stubs.o ABSOLUTE
    _printf_mbtowc                           0x00000000   Number         0  stubs.o ABSOLUTE
    _printf_n                                0x00000000   Number         0  stubs.o ABSOLUTE
    _printf_o                                0x00000000   Number         0  stubs.o ABSOLUTE
    _printf_p                                0x00000000   Number         0  stubs.o ABSOLUTE
    _printf_percent                          0x00000000   Number         0  stubs.o ABSOLUTE
    _printf_pre_padding                      0x00000000   Number         0  stubs.o ABSOLUTE
    _printf_return_value                     0x00000000   Number         0  stubs.o ABSOLUTE
    _printf_s                                0x00000000   Number         0  stubs.o ABSOLUTE
    _printf_sizespec                         0x00000000   Number         0  stubs.o ABSOLUTE
    _printf_str                              0x00000000   Number         0  stubs.o ABSOLUTE
    _printf_truncate_signed                  0x00000000   Number         0  stubs.o ABSOLUTE
    _printf_truncate_unsigned                0x00000000   Number         0  stubs.o ABSOLUTE
    _printf_u                                0x00000000   Number         0  stubs.o ABSOLUTE
    _printf_wc                               0x00000000   Number         0  stubs.o ABSOLUTE
    _printf_wctomb                           0x00000000   Number         0  stubs.o ABSOLUTE
    _printf_widthprec                        0x00000000   Number         0  stubs.o ABSOLUTE
    _printf_x                                0x00000000   Number         0  stubs.o ABSOLUTE
    __cpp_initialize__aeabi_                  - Undefined Weak Reference
    __cxa_finalize                            - Undefined Weak Reference
    __decompress                              - Undefined Weak Reference
    _clock_init                               - Undefined Weak Reference
    _microlib_exit                            - Undefined Weak Reference
    __Vectors_Size                           0x000000ec   Number         0  startup_stm32f10x_ld.o ABSOLUTE
    __Vectors                                0x08000000   Data           4  startup_stm32f10x_ld.o(RESET)
    __Vectors_End                            0x080000ec   Data           0  startup_stm32f10x_ld.o(RESET)
    __main                                   0x080000ed   Thumb Code     0  entry.o(.ARM.Collect$$$$00000000)
    _main_stk                                0x080000ed   Thumb Code     0  entry2.o(.ARM.Collect$$$$00000001)
    _main_scatterload                        0x080000f1   Thumb Code     0  entry5.o(.ARM.Collect$$$$00000004)
    __main_after_scatterload                 0x080000f5   Thumb Code     0  entry5.o(.ARM.Collect$$$$00000004)
    _main_clock                              0x080000f5   Thumb Code     0  entry7b.o(.ARM.Collect$$$$00000008)
    _main_cpp_init                           0x080000f5   Thumb Code     0  entry8b.o(.ARM.Collect$$$$0000000A)
    _main_init                               0x080000f5   Thumb Code     0  entry9a.o(.ARM.Collect$$$$0000000B)
    __rt_final_cpp                           0x080000fd   Thumb Code     0  entry10a.o(.ARM.Collect$$$$0000000D)
    __rt_final_exit                          0x080000fd   Thumb Code     0  entry11a.o(.ARM.Collect$$$$0000000F)
    Reset_Handler                            0x08000101   Thumb Code     8  startup_stm32f10x_ld.o(.text)
    ADC1_2_IRQHandler                        0x0800011b   Thumb Code     0  startup_stm32f10x_ld.o(.text)
    CAN1_RX1_IRQHandler                      0x0800011b   Thumb Code     0  startup_stm32f10x_ld.o(.text)
    CAN1_SCE_IRQHandler                      0x0800011b   Thumb Code     0  startup_stm32f10x_ld.o(.text)
    DMA1_Channel1_IRQHandler                 0x0800011b   Thumb Code     0  startup_stm32f10x_ld.o(.text)
    DMA1_Channel2_IRQHandler                 0x0800011b   Thumb Code     0  startup_stm32f10x_ld.o(.text)
    DMA1_Channel3_IRQHandler                 0x0800011b   Thumb Code     0  startup_stm32f10x_ld.o(.text)
    DMA1_Channel4_IRQHandler                 0x0800011b   Thumb Code     0  startup_stm32f10x_ld.o(.text)
    DMA1_Channel5_IRQHandler                 0x0800011b   Thumb Code     0  startup_stm32f10x_ld.o(.text)
    DMA1_Channel6_IRQHandler                 0x0800011b   Thumb Code     0  startup_stm32f10x_ld.o(.text)
    DMA1_Channel7_IRQHandler                 0x0800011b   Thumb Code     0  startup_stm32f10x_ld.o(.text)
    EXTI0_IRQHandler                         0x0800011b   Thumb Code     0  startup_stm32f10x_ld.o(.text)
    EXTI15_10_IRQHandler                     0x0800011b   Thumb Code     0  startup_stm32f10x_ld.o(.text)
    EXTI1_IRQHandler                         0x0800011b   Thumb Code     0  startup_stm32f10x_ld.o(.text)
    EXTI2_IRQHandler                         0x0800011b   Thumb Code     0  startup_stm32f10x_ld.o(.text)
    EXTI3_IRQHandler                         0x0800011b   Thumb Code     0  startup_stm32f10x_ld.o(.text)
    EXTI4_IRQHandler                         0x0800011b   Thumb Code     0  startup_stm32f10x_ld.o(.text)
    EXTI9_5_IRQHandler                       0x0800011b   Thumb Code     0  startup_stm32f10x_ld.o(.text)
    FLASH_IRQHandler                         0x0800011b   Thumb Code     0  startup_stm32f10x_ld.o(.text)
    I2C1_ER_IRQHandler                       0x0800011b   Thumb Code     0  startup_stm32f10x_ld.o(.text)
    I2C1_EV_IRQHandler                       0x0800011b   Thumb Code     0  startup_stm32f10x_ld.o(.text)
    PVD_IRQHandler                           0x0800011b   Thumb Code     0  startup_stm32f10x_ld.o(.text)
    RCC_IRQHandler                           0x0800011b   Thumb Code     0  startup_stm32f10x_ld.o(.text)
    RTCAlarm_IRQHandler                      0x0800011b   Thumb Code     0  startup_stm32f10x_ld.o(.text)
    RTC_IRQHandler                           0x0800011b   Thumb Code     0  startup_stm32f10x_ld.o(.text)
    SPI1_IRQHandler                          0x0800011b   Thumb Code     0  startup_stm32f10x_ld.o(.text)
    TAMPER_IRQHandler                        0x0800011b   Thumb Code     0  startup_stm32f10x_ld.o(.text)
    TIM1_BRK_IRQHandler                      0x0800011b   Thumb Code     0  startup_stm32f10x_ld.o(.text)
    TIM1_CC_IRQHandler                       0x0800011b   Thumb Code     0  startup_stm32f10x_ld.o(.text)
    TIM1_TRG_COM_IRQHandler                  0x0800011b   Thumb Code     0  startup_stm32f10x_ld.o(.text)
    TIM1_UP_IRQHandler                       0x0800011b   Thumb Code     0  startup_stm32f10x_ld.o(.text)
    TIM2_IRQHandler                          0x0800011b   Thumb Code     0  startup_stm32f10x_ld.o(.text)
    TIM3_IRQHandler                          0x0800011b   Thumb Code     0  startup_stm32f10x_ld.o(.text)
    USBWakeUp_IRQHandler                     0x0800011b   Thumb Code     0  startup_stm32f10x_ld.o(.text)
    USB_HP_CAN1_TX_IRQHandler                0x0800011b   Thumb Code     0  startup_stm32f10x_ld.o(.text)
    USB_LP_CAN1_RX0_IRQHandler               0x0800011b   Thumb Code     0  startup_stm32f10x_ld.o(.text)
    WWDG_IRQHandler                          0x0800011b   Thumb Code     0  startup_stm32f10x_ld.o(.text)
    tolower                                  0x08000125   Thumb Code    12  tolower.o(.text)
    __aeabi_memcpy                           0x08000131   Thumb Code    36  memcpya.o(.text)
    __aeabi_memcpy4                          0x08000131   Thumb Code     0  memcpya.o(.text)
    __aeabi_memcpy8                          0x08000131   Thumb Code     0  memcpya.o(.text)
    __aeabi_memset                           0x08000155   Thumb Code    14  memseta.o(.text)
    __aeabi_memset4                          0x08000155   Thumb Code     0  memseta.o(.text)
    __aeabi_memset8                          0x08000155   Thumb Code     0  memseta.o(.text)
    __aeabi_memclr                           0x08000163   Thumb Code     4  memseta.o(.text)
    __aeabi_memclr4                          0x08000163   Thumb Code     0  memseta.o(.text)
    __aeabi_memclr8                          0x08000163   Thumb Code     0  memseta.o(.text)
    _memset$wrapper                          0x08000167   Thumb Code    18  memseta.o(.text)
    strstr                                   0x08000179   Thumb Code    36  strstr.o(.text)
    strchr                                   0x0800019d   Thumb Code    20  strchr.o(.text)
    strlen                                   0x080001b1   Thumb Code    14  strlen.o(.text)
    strncat                                  0x080001bf   Thumb Code    40  strncat.o(.text)
    strncmp                                  0x080001e7   Thumb Code    30  strncmp.o(.text)
    atoi                                     0x08000205   Thumb Code    26  atoi.o(.text)
    __aeabi_fmul                             0x0800021f   Thumb Code   100  fmul.o(.text)
    __aeabi_fdiv                             0x08000283   Thumb Code   124  fdiv.o(.text)
    __aeabi_dadd                             0x080002ff   Thumb Code   322  dadd.o(.text)
    __aeabi_dsub                             0x08000441   Thumb Code     6  dadd.o(.text)
    __aeabi_drsub                            0x08000447   Thumb Code     6  dadd.o(.text)
    __aeabi_dmul                             0x0800044d   Thumb Code   228  dmul.o(.text)
    __aeabi_ui2f                             0x08000531   Thumb Code    10  ffltui.o(.text)
    __aeabi_i2d                              0x0800053b   Thumb Code    34  dflti.o(.text)
    __aeabi_f2uiz                            0x0800055d   Thumb Code    40  ffixui.o(.text)
    __aeabi_d2iz                             0x08000585   Thumb Code    62  dfixi.o(.text)
    __aeabi_f2d                              0x080005c3   Thumb Code    38  f2d.o(.text)
    __aeabi_cdrcmple                         0x080005e9   Thumb Code    48  cdrcmple.o(.text)
    __aeabi_uidiv                            0x08000619   Thumb Code     0  uidiv.o(.text)
    __aeabi_uidivmod                         0x08000619   Thumb Code    44  uidiv.o(.text)
    __aeabi_uldivmod                         0x08000645   Thumb Code    98  uldiv.o(.text)
    __aeabi_llsl                             0x080006a7   Thumb Code    30  llshl.o(.text)
    _ll_shift_l                              0x080006a7   Thumb Code     0  llshl.o(.text)
    __aeabi_llsr                             0x080006c5   Thumb Code    32  llushr.o(.text)
    _ll_ushift_r                             0x080006c5   Thumb Code     0  llushr.o(.text)
    __aeabi_lasr                             0x080006e5   Thumb Code    36  llsshr.o(.text)
    _ll_sshift_r                             0x080006e5   Thumb Code     0  llsshr.o(.text)
    strtol                                   0x08000709   Thumb Code   112  strtol.o(.text)
    __I$use$fp                               0x08000779   Thumb Code     0  iusefp.o(.text)
    _float_round                             0x08000779   Thumb Code    18  fepilogue.o(.text)
    _float_epilogue                          0x0800078b   Thumb Code    92  fepilogue.o(.text)
    _double_round                            0x080007e7   Thumb Code    30  depilogue.o(.text)
    _double_epilogue                         0x08000805   Thumb Code   156  depilogue.o(.text)
    __aeabi_ddiv                             0x080008a1   Thumb Code   222  ddiv.o(.text)
    __ARM_scalbn                             0x0800097f   Thumb Code    46  dscalb.o(.text)
    scalbn                                   0x0800097f   Thumb Code     0  dscalb.o(.text)
    __aeabi_d2ulz                            0x080009ad   Thumb Code    48  dfixul.o(.text)
    __scatterload                            0x080009dd   Thumb Code    28  init.o(.text)
    __scatterload_rt2                        0x080009dd   Thumb Code     0  init.o(.text)
    __rt_ctype_table                         0x08000a01   Thumb Code     4  ctype_o.o(.text)
    _strtoul                                 0x08000a09   Thumb Code   158  _strtoul.o(.text)
    _dsqrt                                   0x08000aa7   Thumb Code   162  dsqrt.o(.text)
    _chval                                   0x08000b49   Thumb Code    28  _chval.o(.text)
    AT24C02_Init                             0x08000b65   Thumb Code    76  at24c02.o(i.AT24C02_Init)
    At24c02Read                              0x08000bb5   Thumb Code    50  at24c02.o(i.At24c02Read)
    At24c02Write                             0x08000be7   Thumb Code    40  at24c02.o(i.At24c02Write)
    BH1750_Byte_Write                        0x08000c0f   Thumb Code    50  gy-302.o(i.BH1750_Byte_Write)
    BH1750_Init                              0x08000c41   Thumb Code    18  gy-302.o(i.BH1750_Init)
    BH1750_Power_ON                          0x08000c53   Thumb Code    10  gy-302.o(i.BH1750_Power_ON)
    BH1750_Read_Measure                      0x08000c5d   Thumb Code    58  gy-302.o(i.BH1750_Read_Measure)
    BusFault_Handler                         0x08000c97   Thumb Code     4  stm32f10x_it.o(i.BusFault_Handler)
    DH11_ReadByte                            0x08000c9d   Thumb Code    98  dht.o(i.DH11_ReadByte)
    DHT11_Init                               0x08000d05   Thumb Code     8  dht.o(i.DHT11_Init)
    DHT11_ReadData                           0x08000d0d   Thumb Code   100  dht.o(i.DHT11_ReadData)
    DebugMon_Handler                         0x08000d79   Thumb Code     2  stm32f10x_it.o(i.DebugMon_Handler)
    Delay_ms                                 0x08000d7b   Thumb Code    24  delay.o(i.Delay_ms)
    Delay_us                                 0x08000d93   Thumb Code    46  delay.o(i.Delay_us)
    ESP8266_Clear                            0x08000dc1   Thumb Code    18  esp8266.o(i.ESP8266_Clear)
    ESP8266_GetIPD                           0x08000ddd   Thumb Code    66  esp8266.o(i.ESP8266_GetIPD)
    ESP8266_Init                             0x08000e2d   Thumb Code   276  esp8266.o(i.ESP8266_Init)
    ESP8266_SendCmd                          0x08001055   Thumb Code    76  esp8266.o(i.ESP8266_SendCmd)
    ESP8266_SendData                         0x080010a9   Thumb Code    46  esp8266.o(i.ESP8266_SendData)
    ESP8266_WaitRecive                       0x080010f1   Thumb Code    42  esp8266.o(i.ESP8266_WaitRecive)
    First_I2C_ReadByte                       0x08001125   Thumb Code    94  at24c02.o(i.First_I2C_ReadByte)
    First_I2C_SendByte                       0x08001189   Thumb Code   186  at24c02.o(i.First_I2C_SendByte)
    First_I2C_Start                          0x08001249   Thumb Code    72  at24c02.o(i.First_I2C_Start)
    First_I2C_Stop                           0x08001295   Thumb Code    54  at24c02.o(i.First_I2C_Stop)
    GPIO_DTH11                               0x080012d1   Thumb Code    48  dht.o(i.GPIO_DTH11)
    GPIO_Init                                0x08001305   Thumb Code   278  stm32f10x_gpio.o(i.GPIO_Init)
    GPIO_ReadInputDataBit                    0x0800141b   Thumb Code    18  stm32f10x_gpio.o(i.GPIO_ReadInputDataBit)
    GPIO_WriteBit                            0x0800142d   Thumb Code    10  stm32f10x_gpio.o(i.GPIO_WriteBit)
    HardFault_Handler                        0x08001437   Thumb Code     4  stm32f10x_it.o(i.HardFault_Handler)
    KEY_GPIOInit                             0x0800146d   Thumb Code    66  key_jz.o(i.KEY_GPIOInit)
    Key_Amend                                0x080014b5   Thumb Code   436  password.o(i.Key_Amend)
    Key_Input                                0x080016a5   Thumb Code   502  password.o(i.Key_Input)
    Key_return                               0x080018c5   Thumb Code   792  key_jz.o(i.Key_return)
    LED_Data                                 0x08001be1   Thumb Code    30  led.o(i.LED_Data)
    LED_Init                                 0x08001c05   Thumb Code    38  led.o(i.LED_Init)
    LIght_Intensity                          0x08001c31   Thumb Code    32  gy-302.o(i.LIght_Intensity)
    MQTT_DeleteBuffer                        0x08001c55   Thumb Code    28  mqttkit.o(i.MQTT_DeleteBuffer)
    MQTT_DumpLength                          0x08001c71   Thumb Code    46  mqttkit.o(i.MQTT_DumpLength)
    MQTT_NewBuffer                           0x08001c9f   Thumb Code    88  mqttkit.o(i.MQTT_NewBuffer)
    MQTT_PacketConnect                       0x08001cf9   Thumb Code   666  mqttkit.o(i.MQTT_PacketConnect)
    MQTT_PacketPublish                       0x08001f99   Thumb Code   440  mqttkit.o(i.MQTT_PacketPublish)
    MQTT_PacketPublishComp                   0x08002151   Thumb Code    72  mqttkit.o(i.MQTT_PacketPublishComp)
    MQTT_PacketPublishRel                    0x08002199   Thumb Code    72  mqttkit.o(i.MQTT_PacketPublishRel)
    MQTT_PacketSubscribe                     0x080021e1   Thumb Code   254  mqttkit.o(i.MQTT_PacketSubscribe)
    MQTT_ReadLength                          0x080022df   Thumb Code    70  mqttkit.o(i.MQTT_ReadLength)
    MQTT_UnPacketCmd                         0x08002325   Thumb Code   140  mqttkit.o(i.MQTT_UnPacketCmd)
    MQTT_UnPacketConnectAck                  0x080023b1   Thumb Code    30  mqttkit.o(i.MQTT_UnPacketConnectAck)
    MQTT_UnPacketPublish                     0x080023d1   Thumb Code   438  mqttkit.o(i.MQTT_UnPacketPublish)
    MQTT_UnPacketPublishAck                  0x08002591   Thumb Code    30  mqttkit.o(i.MQTT_UnPacketPublishAck)
    MQTT_UnPacketPublishComp                 0x080025af   Thumb Code    30  mqttkit.o(i.MQTT_UnPacketPublishComp)
    MQTT_UnPacketPublishRec                  0x080025cd   Thumb Code    30  mqttkit.o(i.MQTT_UnPacketPublishRec)
    MQTT_UnPacketPublishRel                  0x080025eb   Thumb Code    36  mqttkit.o(i.MQTT_UnPacketPublishRel)
    MQTT_UnPacketRecv                        0x08002611   Thumb Code   106  mqttkit.o(i.MQTT_UnPacketRecv)
    MQTT_UnPacketSubscribe                   0x08002685   Thumb Code    52  mqttkit.o(i.MQTT_UnPacketSubscribe)
    MQTT_UnPacketUnSubscribe                 0x080026b9   Thumb Code    18  mqttkit.o(i.MQTT_UnPacketUnSubscribe)
    Mcu_start                                0x080026cd   Thumb Code    30  dht.o(i.Mcu_start)
    MemManage_Handler                        0x080026f1   Thumb Code     4  stm32f10x_it.o(i.MemManage_Handler)
    NMI_Handler                              0x080026f5   Thumb Code     2  stm32f10x_it.o(i.NMI_Handler)
    NVIC_Init                                0x080026f9   Thumb Code   100  misc.o(i.NVIC_Init)
    OLED_Clear                               0x08002769   Thumb Code    42  oled.o(i.OLED_Clear)
    OLED_I2C_Init                            0x08002795   Thumb Code    74  oled.o(i.OLED_I2C_Init)
    OLED_I2C_SendByte                        0x080027e5   Thumb Code    76  oled.o(i.OLED_I2C_SendByte)
    OLED_I2C_Start                           0x08002835   Thumb Code    46  oled.o(i.OLED_I2C_Start)
    OLED_I2C_Stop                            0x08002869   Thumb Code    36  oled.o(i.OLED_I2C_Stop)
    OLED_Init                                0x08002891   Thumb Code   174  oled.o(i.OLED_Init)
    OLED_Pow                                 0x0800293f   Thumb Code    20  oled.o(i.OLED_Pow)
    OLED_SetCursor                           0x08002953   Thumb Code    34  oled.o(i.OLED_SetCursor)
    OLED_ShowChar                            0x08002975   Thumb Code   110  oled.o(i.OLED_ShowChar)
    OLED_ShowNum                             0x080029e9   Thumb Code    68  oled.o(i.OLED_ShowNum)
    OLED_ShowString                          0x08002a2d   Thumb Code    40  oled.o(i.OLED_ShowString)
    OLED_WriteCommand                        0x08002a55   Thumb Code    32  oled.o(i.OLED_WriteCommand)
    OLED_WriteData                           0x08002a75   Thumb Code    32  oled.o(i.OLED_WriteData)
    OLED_main                                0x08002a95   Thumb Code    20  password.o(i.OLED_main)
    OneNet_DevLink                           0x08002ad5   Thumb Code   212  onenet.o(i.OneNet_DevLink)
    OneNet_Publish                           0x08002cf9   Thumb Code    86  onenet.o(i.OneNet_Publish)
    OneNet_RevPro                            0x08002d75   Thumb Code   542  onenet.o(i.OneNet_RevPro)
    OneNet_Subscribe                         0x08003149   Thumb Code    80  onenet.o(i.OneNet_Subscribe)
    PassWord_Init                            0x080031b5   Thumb Code    64  password.o(i.PassWord_Init)
    PendSV_Handler                           0x080031fd   Thumb Code     2  stm32f10x_it.o(i.PendSV_Handler)
    RCC_APB1PeriphClockCmd                   0x08003201   Thumb Code    26  stm32f10x_rcc.o(i.RCC_APB1PeriphClockCmd)
    RCC_APB2PeriphClockCmd                   0x08003221   Thumb Code    26  stm32f10x_rcc.o(i.RCC_APB2PeriphClockCmd)
    RCC_GetClocksFreq                        0x08003241   Thumb Code   192  stm32f10x_rcc.o(i.RCC_GetClocksFreq)
    Rest_PassWord                            0x08003315   Thumb Code   108  password.o(i.Rest_PassWord)
    SVC_Handler                              0x080033a5   Thumb Code     2  stm32f10x_it.o(i.SVC_Handler)
    SysTick_Handler                          0x08003491   Thumb Code     2  stm32f10x_it.o(i.SysTick_Handler)
    SystemInit                               0x08003495   Thumb Code    78  system_stm32f10x.o(i.SystemInit)
    USART1_IRQHandler                        0x080034f5   Thumb Code    24  usart.o(i.USART1_IRQHandler)
    USART2_IRQHandler                        0x08003511   Thumb Code    62  esp8266.o(i.USART2_IRQHandler)
    USART_ClearFlag                          0x0800355d   Thumb Code    18  stm32f10x_usart.o(i.USART_ClearFlag)
    USART_Cmd                                0x0800356f   Thumb Code    24  stm32f10x_usart.o(i.USART_Cmd)
    USART_GetFlagStatus                      0x08003587   Thumb Code    26  stm32f10x_usart.o(i.USART_GetFlagStatus)
    USART_GetITStatus                        0x080035a1   Thumb Code    84  stm32f10x_usart.o(i.USART_GetITStatus)
    USART_ITConfig                           0x080035f5   Thumb Code    74  stm32f10x_usart.o(i.USART_ITConfig)
    USART_Init                               0x08003641   Thumb Code   210  stm32f10x_usart.o(i.USART_Init)
    USART_SendData                           0x08003719   Thumb Code     8  stm32f10x_usart.o(i.USART_SendData)
    UsageFault_Handler                       0x08003721   Thumb Code     4  stm32f10x_it.o(i.UsageFault_Handler)
    Usart1_Init                              0x08003725   Thumb Code   166  usart.o(i.Usart1_Init)
    Usart2_Init                              0x080037d5   Thumb Code   162  usart.o(i.Usart2_Init)
    UsartPrintf                              0x08003881   Thumb Code    72  usart.o(i.UsartPrintf)
    Usart_SendString                         0x080038c9   Thumb Code    50  usart.o(i.Usart_SendString)
    __0sprintf                               0x080038fd   Thumb Code    34  printfa.o(i.__0sprintf)
    __1sprintf                               0x080038fd   Thumb Code     0  printfa.o(i.__0sprintf)
    __2sprintf                               0x080038fd   Thumb Code     0  printfa.o(i.__0sprintf)
    __c89sprintf                             0x080038fd   Thumb Code     0  printfa.o(i.__0sprintf)
    sprintf                                  0x080038fd   Thumb Code     0  printfa.o(i.__0sprintf)
    __0vsnprintf                             0x08003925   Thumb Code    40  printfa.o(i.__0vsnprintf)
    __1vsnprintf                             0x08003925   Thumb Code     0  printfa.o(i.__0vsnprintf)
    __2vsnprintf                             0x08003925   Thumb Code     0  printfa.o(i.__0vsnprintf)
    __c89vsnprintf                           0x08003925   Thumb Code     0  printfa.o(i.__0vsnprintf)
    vsnprintf                                0x08003925   Thumb Code     0  printfa.o(i.__0vsnprintf)
    __ARM_fpclassify                         0x08003951   Thumb Code    40  fpclassify.o(i.__ARM_fpclassify)
    __aeabi_errno_addr                       0x08003979   Thumb Code     4  errno.o(i.__aeabi_errno_addr)
    __rt_errno_addr                          0x08003979   Thumb Code     0  errno.o(i.__aeabi_errno_addr)
    __kernel_poly                            0x08003981   Thumb Code   170  poly.o(i.__kernel_poly)
    __mathlib_dbl_divzero                    0x08003a2d   Thumb Code    12  dunder.o(i.__mathlib_dbl_divzero)
    __mathlib_dbl_infnan2                    0x08003a3d   Thumb Code     4  dunder.o(i.__mathlib_dbl_infnan2)
    __mathlib_dbl_invalid                    0x08003a41   Thumb Code    12  dunder.o(i.__mathlib_dbl_invalid)
    __mathlib_dbl_overflow                   0x08003a4d   Thumb Code    14  dunder.o(i.__mathlib_dbl_overflow)
    __mathlib_dbl_underflow                  0x08003a5d   Thumb Code    10  dunder.o(i.__mathlib_dbl_underflow)
    __scatterload_copy                       0x08003a6d   Thumb Code    14  handlers.o(i.__scatterload_copy)
    __scatterload_null                       0x08003a7b   Thumb Code     2  handlers.o(i.__scatterload_null)
    __scatterload_zeroinit                   0x08003a7d   Thumb Code    14  handlers.o(i.__scatterload_zeroinit)
    __set_errno                              0x08003a8d   Thumb Code     6  errno.o(i.__set_errno)
    cJSON_Delete                             0x0800436d   Thumb Code    82  cjson.o(i.cJSON_Delete)
    cJSON_GetErrorPtr                        0x080043c5   Thumb Code     6  cjson.o(i.cJSON_GetErrorPtr)
    cJSON_GetObjectItem                      0x080043d1   Thumb Code    30  cjson.o(i.cJSON_GetObjectItem)
    cJSON_Parse                              0x08004411   Thumb Code    16  cjson.o(i.cJSON_Parse)
    cJSON_ParseWithOpts                      0x08004421   Thumb Code    96  cjson.o(i.cJSON_ParseWithOpts)
    dht11_response                           0x080044d1   Thumb Code    68  dht.o(i.dht11_response)
    free                                     0x08004519   Thumb Code    76  malloc.o(i.free)
    i2c_Ack                                  0x08004569   Thumb Code    44  gy-302.o(i.i2c_Ack)
    i2c_CheckDevice                          0x08004599   Thumb Code    28  gy-302.o(i.i2c_CheckDevice)
    i2c_NAck                                 0x080045c5   Thumb Code    36  gy-302.o(i.i2c_NAck)
    i2c_ReadByte                             0x080045ed   Thumb Code    62  gy-302.o(i.i2c_ReadByte)
    i2c_SendByte                             0x08004631   Thumb Code    80  gy-302.o(i.i2c_SendByte)
    i2c_Start                                0x08004685   Thumb Code    42  gy-302.o(i.i2c_Start)
    i2c_Stop                                 0x080046b5   Thumb Code    28  gy-302.o(i.i2c_Stop)
    i2c_WaitAck                              0x080046d5   Thumb Code    56  gy-302.o(i.i2c_WaitAck)
    main                                     0x08004711   Thumb Code   372  main.o(i.main)
    malloc                                   0x0800491d   Thumb Code    92  malloc.o(i.malloc)
    pow                                      0x080050a1   Thumb Code  2512  pow.o(i.pow)
    sqrt                                     0x08005a8b   Thumb Code    76  sqrt.o(i.sqrt)
    topics_1                                 0x08005ad6   Data          18  main.o(.constdata)
    OLED_F8x16                               0x08005ae8   Data        1520  oled.o(.constdata)
    __mathlib_zero                           0x08006168   Data           8  qnan.o(.constdata)
    __ctype_table                            0x08006170   Data         129  ctype_o.o(.constdata)
    Region$$Table$$Base                      0x0800620c   Number         0  anon$$obj.o(Region$$Table)
    Region$$Table$$Limit                     0x0800622c   Number         0  anon$$obj.o(Region$$Table)
    topics                                   0x20000000   Data           4  main.o(.data)
    temperature                              0x20000004   Data           1  main.o(.data)
    humidity                                 0x20000005   Data           1  main.o(.data)
    Light                                    0x20000008   Data           4  main.o(.data)
    p                                        0x20000020   Data           5  dht.o(.data)
    ret                                      0x20000025   Data           1  dht.o(.data)
    keynum                                   0x20000026   Data           2  password.o(.data)
    num                                      0x20000028   Data           2  password.o(.data)
    esp8266_cnt                              0x2000002a   Data           2  esp8266.o(.data)
    esp8266_cntPre                           0x2000002c   Data           2  esp8266.o(.data)
    __microlib_freelist                      0x2000003c   Data           4  mvars.o(.data)
    __microlib_freelist_initialised          0x20000040   Data           4  mvars.o(.data)
    PUB_BUF                                  0x20000048   Data         256  main.o(.bss)
    key_password                             0x20000148   Data          10  password.o(.bss)
    key_passwords                            0x20000152   Data          10  password.o(.bss)
    esp8266_buf                              0x2000015c   Data         128  esp8266.o(.bss)
    __heap_base                              0x200001e0   Data           0  startup_stm32f10x_ld.o(HEAP)
    __heap_limit                             0x200003e0   Data           0  startup_stm32f10x_ld.o(HEAP)
    __initial_sp                             0x200007e0   Data           0  startup_stm32f10x_ld.o(STACK)



==============================================================================

Memory Map of the image

  Image Entry point : 0x080000ed

  Load Region LR_IROM1 (Base: 0x08000000, Size: 0x00006274, Max: 0x00008000, ABSOLUTE)

    Execution Region ER_IROM1 (Exec base: 0x08000000, Load base: 0x08000000, Size: 0x0000622c, Max: 0x00008000, ABSOLUTE)

    Exec Addr    Load Addr    Size         Type   Attr      Idx    E Section Name        Object

    0x08000000   0x08000000   0x000000ec   Data   RO          233    RESET               startup_stm32f10x_ld.o
    0x080000ec   0x080000ec   0x00000000   Code   RO         4456  * .ARM.Collect$$$$00000000  mc_w.l(entry.o)
    0x080000ec   0x080000ec   0x00000004   Code   RO         4819    .ARM.Collect$$$$00000001  mc_w.l(entry2.o)
    0x080000f0   0x080000f0   0x00000004   Code   RO         4822    .ARM.Collect$$$$00000004  mc_w.l(entry5.o)
    0x080000f4   0x080000f4   0x00000000   Code   RO         4824    .ARM.Collect$$$$00000008  mc_w.l(entry7b.o)
    0x080000f4   0x080000f4   0x00000000   Code   RO         4826    .ARM.Collect$$$$0000000A  mc_w.l(entry8b.o)
    0x080000f4   0x080000f4   0x00000008   Code   RO         4827    .ARM.Collect$$$$0000000B  mc_w.l(entry9a.o)
    0x080000fc   0x080000fc   0x00000000   Code   RO         4829    .ARM.Collect$$$$0000000D  mc_w.l(entry10a.o)
    0x080000fc   0x080000fc   0x00000000   Code   RO         4831    .ARM.Collect$$$$0000000F  mc_w.l(entry11a.o)
    0x080000fc   0x080000fc   0x00000004   Code   RO         4820    .ARM.Collect$$$$00002712  mc_w.l(entry2.o)
    0x08000100   0x08000100   0x00000024   Code   RO          234    .text               startup_stm32f10x_ld.o
    0x08000124   0x08000124   0x0000000c   Code   RO         4459    .text               mc_w.l(tolower.o)
    0x08000130   0x08000130   0x00000024   Code   RO         4461    .text               mc_w.l(memcpya.o)
    0x08000154   0x08000154   0x00000024   Code   RO         4463    .text               mc_w.l(memseta.o)
    0x08000178   0x08000178   0x00000024   Code   RO         4465    .text               mc_w.l(strstr.o)
    0x0800019c   0x0800019c   0x00000014   Code   RO         4467    .text               mc_w.l(strchr.o)
    0x080001b0   0x080001b0   0x0000000e   Code   RO         4469    .text               mc_w.l(strlen.o)
    0x080001be   0x080001be   0x00000028   Code   RO         4471    .text               mc_w.l(strncat.o)
    0x080001e6   0x080001e6   0x0000001e   Code   RO         4475    .text               mc_w.l(strncmp.o)
    0x08000204   0x08000204   0x0000001a   Code   RO         4768    .text               mc_w.l(atoi.o)
    0x0800021e   0x0800021e   0x00000064   Code   RO         4770    .text               mf_w.l(fmul.o)
    0x08000282   0x08000282   0x0000007c   Code   RO         4772    .text               mf_w.l(fdiv.o)
    0x080002fe   0x080002fe   0x0000014e   Code   RO         4774    .text               mf_w.l(dadd.o)
    0x0800044c   0x0800044c   0x000000e4   Code   RO         4776    .text               mf_w.l(dmul.o)
    0x08000530   0x08000530   0x0000000a   Code   RO         4778    .text               mf_w.l(ffltui.o)
    0x0800053a   0x0800053a   0x00000022   Code   RO         4780    .text               mf_w.l(dflti.o)
    0x0800055c   0x0800055c   0x00000028   Code   RO         4782    .text               mf_w.l(ffixui.o)
    0x08000584   0x08000584   0x0000003e   Code   RO         4784    .text               mf_w.l(dfixi.o)
    0x080005c2   0x080005c2   0x00000026   Code   RO         4786    .text               mf_w.l(f2d.o)
    0x080005e8   0x080005e8   0x00000030   Code   RO         4790    .text               mf_w.l(cdrcmple.o)
    0x08000618   0x08000618   0x0000002c   Code   RO         4836    .text               mc_w.l(uidiv.o)
    0x08000644   0x08000644   0x00000062   Code   RO         4838    .text               mc_w.l(uldiv.o)
    0x080006a6   0x080006a6   0x0000001e   Code   RO         4840    .text               mc_w.l(llshl.o)
    0x080006c4   0x080006c4   0x00000020   Code   RO         4842    .text               mc_w.l(llushr.o)
    0x080006e4   0x080006e4   0x00000024   Code   RO         4844    .text               mc_w.l(llsshr.o)
    0x08000708   0x08000708   0x00000070   Code   RO         4855    .text               mc_w.l(strtol.o)
    0x08000778   0x08000778   0x00000000   Code   RO         4857    .text               mc_w.l(iusefp.o)
    0x08000778   0x08000778   0x0000006e   Code   RO         4858    .text               mf_w.l(fepilogue.o)
    0x080007e6   0x080007e6   0x000000ba   Code   RO         4860    .text               mf_w.l(depilogue.o)
    0x080008a0   0x080008a0   0x000000de   Code   RO         4862    .text               mf_w.l(ddiv.o)
    0x0800097e   0x0800097e   0x0000002e   Code   RO         4864    .text               mf_w.l(dscalb.o)
    0x080009ac   0x080009ac   0x00000030   Code   RO         4866    .text               mf_w.l(dfixul.o)
    0x080009dc   0x080009dc   0x00000024   Code   RO         4868    .text               mc_w.l(init.o)
    0x08000a00   0x08000a00   0x00000008   Code   RO         4871    .text               mc_w.l(ctype_o.o)
    0x08000a08   0x08000a08   0x0000009e   Code   RO         4899    .text               mc_w.l(_strtoul.o)
    0x08000aa6   0x08000aa6   0x000000a2   Code   RO         4902    .text               mf_w.l(dsqrt.o)
    0x08000b48   0x08000b48   0x0000001c   Code   RO         4904    .text               mc_w.l(_chval.o)
    0x08000b64   0x08000b64   0x00000050   Code   RO         3756    i.AT24C02_Init      at24c02.o
    0x08000bb4   0x08000bb4   0x00000032   Code   RO         3757    i.At24c02Read       at24c02.o
    0x08000be6   0x08000be6   0x00000028   Code   RO         3758    i.At24c02Write      at24c02.o
    0x08000c0e   0x08000c0e   0x00000032   Code   RO         3528    i.BH1750_Byte_Write  gy-302.o
    0x08000c40   0x08000c40   0x00000012   Code   RO         3529    i.BH1750_Init       gy-302.o
    0x08000c52   0x08000c52   0x0000000a   Code   RO         3531    i.BH1750_Power_ON   gy-302.o
    0x08000c5c   0x08000c5c   0x0000003a   Code   RO         3533    i.BH1750_Read_Measure  gy-302.o
    0x08000c96   0x08000c96   0x00000004   Code   RO            1    i.BusFault_Handler  stm32f10x_it.o
    0x08000c9a   0x08000c9a   0x00000002   PAD
    0x08000c9c   0x08000c9c   0x00000068   Code   RO         3480    i.DH11_ReadByte     dht.o
    0x08000d04   0x08000d04   0x00000008   Code   RO         3481    i.DHT11_Init        dht.o
    0x08000d0c   0x08000d0c   0x0000006c   Code   RO         3482    i.DHT11_ReadData    dht.o
    0x08000d78   0x08000d78   0x00000002   Code   RO            2    i.DebugMon_Handler  stm32f10x_it.o
    0x08000d7a   0x08000d7a   0x00000018   Code   RO         3327    i.Delay_ms          delay.o
    0x08000d92   0x08000d92   0x0000002e   Code   RO         3329    i.Delay_us          delay.o
    0x08000dc0   0x08000dc0   0x0000001c   Code   RO         3804    i.ESP8266_Clear     esp8266.o
    0x08000ddc   0x08000ddc   0x00000050   Code   RO         3805    i.ESP8266_GetIPD    esp8266.o
    0x08000e2c   0x08000e2c   0x00000228   Code   RO         3806    i.ESP8266_Init      esp8266.o
    0x08001054   0x08001054   0x00000054   Code   RO         3807    i.ESP8266_SendCmd   esp8266.o
    0x080010a8   0x080010a8   0x00000048   Code   RO         3808    i.ESP8266_SendData  esp8266.o
    0x080010f0   0x080010f0   0x00000034   Code   RO         3809    i.ESP8266_WaitRecive  esp8266.o
    0x08001124   0x08001124   0x00000064   Code   RO         3759    i.First_I2C_ReadByte  at24c02.o
    0x08001188   0x08001188   0x000000c0   Code   RO         3760    i.First_I2C_SendByte  at24c02.o
    0x08001248   0x08001248   0x0000004c   Code   RO         3761    i.First_I2C_Start   at24c02.o
    0x08001294   0x08001294   0x0000003c   Code   RO         3762    i.First_I2C_Stop    at24c02.o
    0x080012d0   0x080012d0   0x00000034   Code   RO         3483    i.GPIO_DTH11        dht.o
    0x08001304   0x08001304   0x00000116   Code   RO         1478    i.GPIO_Init         stm32f10x_gpio.o
    0x0800141a   0x0800141a   0x00000012   Code   RO         1482    i.GPIO_ReadInputDataBit  stm32f10x_gpio.o
    0x0800142c   0x0800142c   0x0000000a   Code   RO         1489    i.GPIO_WriteBit     stm32f10x_gpio.o
    0x08001436   0x08001436   0x00000004   Code   RO            3    i.HardFault_Handler  stm32f10x_it.o
    0x0800143a   0x0800143a   0x00000002   PAD
    0x0800143c   0x0800143c   0x00000030   Code   RO         3534    i.I2C_BH1750_GPIOConfig  gy-302.o
    0x0800146c   0x0800146c   0x00000048   Code   RO         3686    i.KEY_GPIOInit      key_jz.o
    0x080014b4   0x080014b4   0x000001f0   Code   RO         3707    i.Key_Amend         password.o
    0x080016a4   0x080016a4   0x00000220   Code   RO         3708    i.Key_Input         password.o
    0x080018c4   0x080018c4   0x0000031c   Code   RO         3687    i.Key_return        key_jz.o
    0x08001be0   0x08001be0   0x00000024   Code   RO         3351    i.LED_Data          led.o
    0x08001c04   0x08001c04   0x0000002c   Code   RO         3352    i.LED_Init          led.o
    0x08001c30   0x08001c30   0x00000024   Code   RO         3535    i.LIght_Intensity   gy-302.o
    0x08001c54   0x08001c54   0x0000001c   Code   RO         3865    i.MQTT_DeleteBuffer  mqttkit.o
    0x08001c70   0x08001c70   0x0000002e   Code   RO         3866    i.MQTT_DumpLength   mqttkit.o
    0x08001c9e   0x08001c9e   0x00000058   Code   RO         3867    i.MQTT_NewBuffer    mqttkit.o
    0x08001cf6   0x08001cf6   0x00000002   PAD
    0x08001cf8   0x08001cf8   0x000002a0   Code   RO         3869    i.MQTT_PacketConnect  mqttkit.o
    0x08001f98   0x08001f98   0x000001b8   Code   RO         3872    i.MQTT_PacketPublish  mqttkit.o
    0x08002150   0x08002150   0x00000048   Code   RO         3874    i.MQTT_PacketPublishComp  mqttkit.o
    0x08002198   0x08002198   0x00000048   Code   RO         3876    i.MQTT_PacketPublishRel  mqttkit.o
    0x080021e0   0x080021e0   0x000000fe   Code   RO         3879    i.MQTT_PacketSubscribe  mqttkit.o
    0x080022de   0x080022de   0x00000046   Code   RO         3881    i.MQTT_ReadLength   mqttkit.o
    0x08002324   0x08002324   0x0000008c   Code   RO         3882    i.MQTT_UnPacketCmd  mqttkit.o
    0x080023b0   0x080023b0   0x0000001e   Code   RO         3883    i.MQTT_UnPacketConnectAck  mqttkit.o
    0x080023ce   0x080023ce   0x00000002   PAD
    0x080023d0   0x080023d0   0x000001c0   Code   RO         3884    i.MQTT_UnPacketPublish  mqttkit.o
    0x08002590   0x08002590   0x0000001e   Code   RO         3885    i.MQTT_UnPacketPublishAck  mqttkit.o
    0x080025ae   0x080025ae   0x0000001e   Code   RO         3886    i.MQTT_UnPacketPublishComp  mqttkit.o
    0x080025cc   0x080025cc   0x0000001e   Code   RO         3887    i.MQTT_UnPacketPublishRec  mqttkit.o
    0x080025ea   0x080025ea   0x00000024   Code   RO         3888    i.MQTT_UnPacketPublishRel  mqttkit.o
    0x0800260e   0x0800260e   0x00000002   PAD
    0x08002610   0x08002610   0x00000074   Code   RO         3889    i.MQTT_UnPacketRecv  mqttkit.o
    0x08002684   0x08002684   0x00000034   Code   RO         3890    i.MQTT_UnPacketSubscribe  mqttkit.o
    0x080026b8   0x080026b8   0x00000012   Code   RO         3891    i.MQTT_UnPacketUnSubscribe  mqttkit.o
    0x080026ca   0x080026ca   0x00000002   PAD
    0x080026cc   0x080026cc   0x00000024   Code   RO         3484    i.Mcu_start         dht.o
    0x080026f0   0x080026f0   0x00000004   Code   RO            4    i.MemManage_Handler  stm32f10x_it.o
    0x080026f4   0x080026f4   0x00000002   Code   RO            5    i.NMI_Handler       stm32f10x_it.o
    0x080026f6   0x080026f6   0x00000002   PAD
    0x080026f8   0x080026f8   0x00000070   Code   RO          291    i.NVIC_Init         misc.o
    0x08002768   0x08002768   0x0000002a   Code   RO         3372    i.OLED_Clear        oled.o
    0x08002792   0x08002792   0x00000002   PAD
    0x08002794   0x08002794   0x00000050   Code   RO         3373    i.OLED_I2C_Init     oled.o
    0x080027e4   0x080027e4   0x00000050   Code   RO         3374    i.OLED_I2C_SendByte  oled.o
    0x08002834   0x08002834   0x00000034   Code   RO         3375    i.OLED_I2C_Start    oled.o
    0x08002868   0x08002868   0x00000028   Code   RO         3376    i.OLED_I2C_Stop     oled.o
    0x08002890   0x08002890   0x000000ae   Code   RO         3377    i.OLED_Init         oled.o
    0x0800293e   0x0800293e   0x00000014   Code   RO         3378    i.OLED_Pow          oled.o
    0x08002952   0x08002952   0x00000022   Code   RO         3379    i.OLED_SetCursor    oled.o
    0x08002974   0x08002974   0x00000074   Code   RO         3381    i.OLED_ShowChar     oled.o
    0x080029e8   0x080029e8   0x00000044   Code   RO         3383    i.OLED_ShowNum      oled.o
    0x08002a2c   0x08002a2c   0x00000028   Code   RO         3385    i.OLED_ShowString   oled.o
    0x08002a54   0x08002a54   0x00000020   Code   RO         3386    i.OLED_WriteCommand  oled.o
    0x08002a74   0x08002a74   0x00000020   Code   RO         3387    i.OLED_WriteData    oled.o
    0x08002a94   0x08002a94   0x00000040   Code   RO         3709    i.OLED_main         password.o
    0x08002ad4   0x08002ad4   0x00000224   Code   RO         4049    i.OneNet_DevLink    onenet.o
    0x08002cf8   0x08002cf8   0x0000007c   Code   RO         4050    i.OneNet_Publish    onenet.o
    0x08002d74   0x08002d74   0x000003d4   Code   RO         4051    i.OneNet_RevPro     onenet.o
    0x08003148   0x08003148   0x0000006c   Code   RO         4052    i.OneNet_Subscribe  onenet.o
    0x080031b4   0x080031b4   0x00000048   Code   RO         3710    i.PassWord_Init     password.o
    0x080031fc   0x080031fc   0x00000002   Code   RO            6    i.PendSV_Handler    stm32f10x_it.o
    0x080031fe   0x080031fe   0x00000002   PAD
    0x08003200   0x08003200   0x00000020   Code   RO         1906    i.RCC_APB1PeriphClockCmd  stm32f10x_rcc.o
    0x08003220   0x08003220   0x00000020   Code   RO         1908    i.RCC_APB2PeriphClockCmd  stm32f10x_rcc.o
    0x08003240   0x08003240   0x000000d4   Code   RO         1916    i.RCC_GetClocksFreq  stm32f10x_rcc.o
    0x08003314   0x08003314   0x00000090   Code   RO         3711    i.Rest_PassWord     password.o
    0x080033a4   0x080033a4   0x00000002   Code   RO            7    i.SVC_Handler       stm32f10x_it.o
    0x080033a6   0x080033a6   0x00000008   Code   RO          238    i.SetSysClock       system_stm32f10x.o
    0x080033ae   0x080033ae   0x00000002   PAD
    0x080033b0   0x080033b0   0x000000e0   Code   RO          239    i.SetSysClockTo72   system_stm32f10x.o
    0x08003490   0x08003490   0x00000002   Code   RO            8    i.SysTick_Handler   stm32f10x_it.o
    0x08003492   0x08003492   0x00000002   PAD
    0x08003494   0x08003494   0x00000060   Code   RO          241    i.SystemInit        system_stm32f10x.o
    0x080034f4   0x080034f4   0x0000001c   Code   RO         3637    i.USART1_IRQHandler  usart.o
    0x08003510   0x08003510   0x0000004c   Code   RO         3810    i.USART2_IRQHandler  esp8266.o
    0x0800355c   0x0800355c   0x00000012   Code   RO         3087    i.USART_ClearFlag   stm32f10x_usart.o
    0x0800356e   0x0800356e   0x00000018   Code   RO         3091    i.USART_Cmd         stm32f10x_usart.o
    0x08003586   0x08003586   0x0000001a   Code   RO         3094    i.USART_GetFlagStatus  stm32f10x_usart.o
    0x080035a0   0x080035a0   0x00000054   Code   RO         3095    i.USART_GetITStatus  stm32f10x_usart.o
    0x080035f4   0x080035f4   0x0000004a   Code   RO         3097    i.USART_ITConfig    stm32f10x_usart.o
    0x0800363e   0x0800363e   0x00000002   PAD
    0x08003640   0x08003640   0x000000d8   Code   RO         3098    i.USART_Init        stm32f10x_usart.o
    0x08003718   0x08003718   0x00000008   Code   RO         3108    i.USART_SendData    stm32f10x_usart.o
    0x08003720   0x08003720   0x00000004   Code   RO            9    i.UsageFault_Handler  stm32f10x_it.o
    0x08003724   0x08003724   0x000000b0   Code   RO         3638    i.Usart1_Init       usart.o
    0x080037d4   0x080037d4   0x000000ac   Code   RO         3639    i.Usart2_Init       usart.o
    0x08003880   0x08003880   0x00000048   Code   RO         3640    i.UsartPrintf       usart.o
    0x080038c8   0x080038c8   0x00000032   Code   RO         3641    i.Usart_SendString  usart.o
    0x080038fa   0x080038fa   0x00000002   PAD
    0x080038fc   0x080038fc   0x00000028   Code   RO         4714    i.__0sprintf        mc_w.l(printfa.o)
    0x08003924   0x08003924   0x0000002c   Code   RO         4717    i.__0vsnprintf      mc_w.l(printfa.o)
    0x08003950   0x08003950   0x00000028   Code   RO         4806    i.__ARM_fpclassify  m_ws.l(fpclassify.o)
    0x08003978   0x08003978   0x00000008   Code   RO         4848    i.__aeabi_errno_addr  mc_w.l(errno.o)
    0x08003980   0x08003980   0x000000aa   Code   RO         4808    i.__kernel_poly     m_ws.l(poly.o)
    0x08003a2a   0x08003a2a   0x00000002   PAD
    0x08003a2c   0x08003a2c   0x00000010   Code   RO         4792    i.__mathlib_dbl_divzero  m_ws.l(dunder.o)
    0x08003a3c   0x08003a3c   0x00000004   Code   RO         4794    i.__mathlib_dbl_infnan2  m_ws.l(dunder.o)
    0x08003a40   0x08003a40   0x0000000c   Code   RO         4795    i.__mathlib_dbl_invalid  m_ws.l(dunder.o)
    0x08003a4c   0x08003a4c   0x0000000e   Code   RO         4796    i.__mathlib_dbl_overflow  m_ws.l(dunder.o)
    0x08003a5a   0x08003a5a   0x00000002   PAD
    0x08003a5c   0x08003a5c   0x00000010   Code   RO         4798    i.__mathlib_dbl_underflow  m_ws.l(dunder.o)
    0x08003a6c   0x08003a6c   0x0000000e   Code   RO         4908    i.__scatterload_copy  mc_w.l(handlers.o)
    0x08003a7a   0x08003a7a   0x00000002   Code   RO         4909    i.__scatterload_null  mc_w.l(handlers.o)
    0x08003a7c   0x08003a7c   0x0000000e   Code   RO         4910    i.__scatterload_zeroinit  mc_w.l(handlers.o)
    0x08003a8a   0x08003a8a   0x00000002   PAD
    0x08003a8c   0x08003a8c   0x0000000c   Code   RO         4850    i.__set_errno       mc_w.l(errno.o)
    0x08003a98   0x08003a98   0x00000184   Code   RO         4719    i._fp_digits        mc_w.l(printfa.o)
    0x08003c1c   0x08003c1c   0x000006dc   Code   RO         4720    i._printf_core      mc_w.l(printfa.o)
    0x080042f8   0x080042f8   0x00000024   Code   RO         4721    i._printf_post_padding  mc_w.l(printfa.o)
    0x0800431c   0x0800431c   0x0000002e   Code   RO         4722    i._printf_pre_padding  mc_w.l(printfa.o)
    0x0800434a   0x0800434a   0x00000016   Code   RO         4723    i._snputc           mc_w.l(printfa.o)
    0x08004360   0x08004360   0x0000000a   Code   RO         4724    i._sputc            mc_w.l(printfa.o)
    0x0800436a   0x0800436a   0x00000002   PAD
    0x0800436c   0x0800436c   0x00000058   Code   RO         4107    i.cJSON_Delete      cjson.o
    0x080043c4   0x080043c4   0x0000000c   Code   RO         4115    i.cJSON_GetErrorPtr  cjson.o
    0x080043d0   0x080043d0   0x0000001e   Code   RO         4116    i.cJSON_GetObjectItem  cjson.o
    0x080043ee   0x080043ee   0x00000002   PAD
    0x080043f0   0x080043f0   0x00000020   Code   RO         4120    i.cJSON_New_Item    cjson.o
    0x08004410   0x08004410   0x00000010   Code   RO         4121    i.cJSON_Parse       cjson.o
    0x08004420   0x08004420   0x00000064   Code   RO         4122    i.cJSON_ParseWithOpts  cjson.o
    0x08004484   0x08004484   0x0000004c   Code   RO         4128    i.cJSON_strcasecmp  cjson.o
    0x080044d0   0x080044d0   0x00000048   Code   RO         3485    i.dht11_response    dht.o
    0x08004518   0x08004518   0x00000050   Code   RO         4740    i.free              mc_w.l(malloc.o)
    0x08004568   0x08004568   0x00000030   Code   RO         3536    i.i2c_Ack           gy-302.o
    0x08004598   0x08004598   0x0000001c   Code   RO         3537    i.i2c_CheckDevice   gy-302.o
    0x080045b4   0x080045b4   0x0000000e   Code   RO         3538    i.i2c_Delay         gy-302.o
    0x080045c2   0x080045c2   0x00000002   PAD
    0x080045c4   0x080045c4   0x00000028   Code   RO         3539    i.i2c_NAck          gy-302.o
    0x080045ec   0x080045ec   0x00000044   Code   RO         3540    i.i2c_ReadByte      gy-302.o
    0x08004630   0x08004630   0x00000054   Code   RO         3541    i.i2c_SendByte      gy-302.o
    0x08004684   0x08004684   0x00000030   Code   RO         3542    i.i2c_Start         gy-302.o
    0x080046b4   0x080046b4   0x00000020   Code   RO         3543    i.i2c_Stop          gy-302.o
    0x080046d4   0x080046d4   0x0000003c   Code   RO         3544    i.i2c_WaitAck       gy-302.o
    0x08004710   0x08004710   0x0000020c   Code   RO          152    i.main              main.o
    0x0800491c   0x0800491c   0x0000006c   Code   RO         4741    i.malloc            mc_w.l(malloc.o)
    0x08004988   0x08004988   0x000000ac   Code   RO         4132    i.parse_array       cjson.o
    0x08004a34   0x08004a34   0x00000114   Code   RO         4133    i.parse_hex4        cjson.o
    0x08004b48   0x08004b48   0x000001bc   Code   RO         4134    i.parse_number      cjson.o
    0x08004d04   0x08004d04   0x00000114   Code   RO         4135    i.parse_object      cjson.o
    0x08004e18   0x08004e18   0x000001cc   Code   RO         4136    i.parse_string      cjson.o
    0x08004fe4   0x08004fe4   0x000000bc   Code   RO         4137    i.parse_value       cjson.o
    0x080050a0   0x080050a0   0x000009d8   Code   RO         4447    i.pow               m_ws.l(pow.o)
    0x08005a78   0x08005a78   0x00000012   Code   RO         4145    i.skip              cjson.o
    0x08005a8a   0x08005a8a   0x0000004c   Code   RO         4812    i.sqrt              m_ws.l(sqrt.o)
    0x08005ad6   0x08005ad6   0x00000012   Data   RO          154    .constdata          main.o
    0x08005ae8   0x08005ae8   0x000005f0   Data   RO         3388    .constdata          oled.o
    0x080060d8   0x080060d8   0x00000007   Data   RO         4148    .constdata          cjson.o
    0x080060df   0x080060df   0x00000001   PAD
    0x080060e0   0x080060e0   0x00000088   Data   RO         4448    .constdata          m_ws.l(pow.o)
    0x08006168   0x08006168   0x00000008   Data   RO         4810    .constdata          m_ws.l(qnan.o)
    0x08006170   0x08006170   0x00000081   Data   RO         4872    .constdata          mc_w.l(ctype_o.o)
    0x080061f1   0x080061f1   0x00000003   PAD
    0x080061f4   0x080061f4   0x00000004   Data   RO         4873    .constdata          mc_w.l(ctype_o.o)
    0x080061f8   0x080061f8   0x00000012   Data   RO          155    .conststring        main.o
    0x0800620a   0x0800620a   0x00000002   PAD
    0x0800620c   0x0800620c   0x00000020   Data   RO         4906    Region$$Table       anon$$obj.o


    Execution Region RW_IRAM1 (Exec base: 0x20000000, Load base: 0x0800622c, Size: 0x000007e0, Max: 0x00002800, ABSOLUTE)

    Exec Addr    Load Addr    Size         Type   Attr      Idx    E Section Name        Object

    0x20000000   0x0800622c   0x0000000c   Data   RW          156    .data               main.o
    0x2000000c   0x08006238   0x00000014   Data   RW         1936    .data               stm32f10x_rcc.o
    0x20000020   0x0800624c   0x00000006   Data   RW         3486    .data               dht.o
    0x20000026   0x08006252   0x00000004   Data   RW         3713    .data               password.o
    0x2000002a   0x08006256   0x00000004   Data   RW         3812    .data               esp8266.o
    0x2000002e   0x0800625a   0x00000002   Data   RW         4053    .data               onenet.o
    0x20000030   0x0800625c   0x0000000c   Data   RW         4149    .data               cjson.o
    0x2000003c   0x08006268   0x00000004   Data   RW         4846    .data               mc_w.l(mvars.o)
    0x20000040   0x0800626c   0x00000004   Data   RW         4847    .data               mc_w.l(mvars.o)
    0x20000044   0x08006270   0x00000004   Data   RW         4851    .data               mc_w.l(errno.o)
    0x20000048        -       0x00000100   Zero   RW          153    .bss                main.o
    0x20000148        -       0x00000014   Zero   RW         3712    .bss                password.o
    0x2000015c        -       0x00000080   Zero   RW         3811    .bss                esp8266.o
    0x200001dc   0x08006274   0x00000004   PAD
    0x200001e0        -       0x00000200   Zero   RW          232    HEAP                startup_stm32f10x_ld.o
    0x200003e0        -       0x00000400   Zero   RW          231    STACK               startup_stm32f10x_ld.o


==============================================================================

Image component sizes


      Code (inc. data)   RO Data    RW Data    ZI Data      Debug   Object Name

       598         26          0          0          0       3881   at24c02.o
      2188         88          7         12          0      11853   cjson.o
         0          0          0          0          0         32   core_cm3.o
        70          0          0          0          0        914   delay.o
       380         28          0          6          0       3392   dht.o
       944        358          0          4        128       4903   esp8266.o
       642         42          0          0          0       7166   gy-302.o
       868         10          0          0          0       1460   key_jz.o
        80         12          0          0          0        918   led.o
       524        152         36         12        256       1800   main.o
       112         12          0          0          0       2564   misc.o
      2672         26          0          0          0      16868   mqttkit.o
       810         26       1520          0          0       7397   oled.o
      1760        860          0          2          0       6699   onenet.o
      1320        190          0          4         20       3864   password.o
        36          8        236          0       1536        776   startup_stm32f10x_ld.o
       306          0          0          0          0      11300   stm32f10x_gpio.o
        26          0          0          0          0     234018   stm32f10x_it.o
       276         32          0         20          0      12926   stm32f10x_rcc.o
       450          6          0          0          0      11827   stm32f10x_usart.o
       328         28          0          0          0       1797   system_stm32f10x.o
       498         24          0          0          0       4101   usart.o

    ----------------------------------------------------------------------
     14918       1928       1834         60       1944     350456   Object Totals
         0          0         32          0          0          0   (incl. Generated)
        30          0          3          0          4          0   (incl. Padding)

    ----------------------------------------------------------------------

      Code (inc. data)   RO Data    RW Data    ZI Data      Debug   Library Member Name

        62         10          0          0          0        340   dunder.o
        40          0          0          0          0         68   fpclassify.o
       170          0          0          0          0         96   poly.o
      2520        190        136          0          0        324   pow.o
         0          0          8          0          0          0   qnan.o
        76          0          0          0          0         84   sqrt.o
        28          0          0          0          0         68   _chval.o
       158          0          0          0          0         92   _strtoul.o
        26          0          0          0          0         80   atoi.o
         8          4        133          0          0         68   ctype_o.o
         0          0          0          0          0          0   entry.o
         0          0          0          0          0          0   entry10a.o
         0          0          0          0          0          0   entry11a.o
         8          4          0          0          0          0   entry2.o
         4          0          0          0          0          0   entry5.o
         0          0          0          0          0          0   entry7b.o
         0          0          0          0          0          0   entry8b.o
         8          4          0          0          0          0   entry9a.o
        20         10          0          4          0        136   errno.o
        30          0          0          0          0          0   handlers.o
        36          8          0          0          0         68   init.o
         0          0          0          0          0          0   iusefp.o
        30          0          0          0          0         68   llshl.o
        36          0          0          0          0         68   llsshr.o
        32          0          0          0          0         68   llushr.o
       188         20          0          0          0        160   malloc.o
        36          0          0          0          0         68   memcpya.o
        36          0          0          0          0        108   memseta.o
         0          0          0          8          0          0   mvars.o
      2342         90          0          0          0        668   printfa.o
        20          0          0          0          0         68   strchr.o
        14          0          0          0          0         68   strlen.o
        40          0          0          0          0         76   strncat.o
        30          0          0          0          0         80   strncmp.o
        36          0          0          0          0         80   strstr.o
       112          0          0          0          0         88   strtol.o
        12          0          0          0          0         68   tolower.o
        44          0          0          0          0         80   uidiv.o
        98          0          0          0          0         92   uldiv.o
        48          0          0          0          0         68   cdrcmple.o
       334          0          0          0          0        148   dadd.o
       222          0          0          0          0        100   ddiv.o
       186          0          0          0          0        176   depilogue.o
        62          0          0          0          0         80   dfixi.o
        48          0          0          0          0         68   dfixul.o
        34          0          0          0          0         76   dflti.o
       228          0          0          0          0         96   dmul.o
        46          0          0          0          0         80   dscalb.o
       162          0          0          0          0        100   dsqrt.o
        38          0          0          0          0         68   f2d.o
       124          0          0          0          0         88   fdiv.o
       110          0          0          0          0        168   fepilogue.o
        40          0          0          0          0         68   ffixui.o
        10          0          0          0          0         68   ffltui.o
       100          0          0          0          0         76   fmul.o

    ----------------------------------------------------------------------
      8100        340        280         12          0       4860   Library Totals
         8          0          3          0          0          0   (incl. Padding)

    ----------------------------------------------------------------------

      Code (inc. data)   RO Data    RW Data    ZI Data      Debug   Library Name

      2868        200        144          0          0        912   m_ws.l
      3432        140        133         12          0       2420   mc_w.l
      1792          0          0          0          0       1528   mf_w.l

    ----------------------------------------------------------------------
      8100        340        280         12          0       4860   Library Totals

    ----------------------------------------------------------------------

==============================================================================


      Code (inc. data)   RO Data    RW Data    ZI Data      Debug   

     23018       2268       2114         72       1944     346316   Grand Totals
     23018       2268       2114         72       1944     346316   ELF Image Totals
     23018       2268       2114         72          0          0   ROM Totals

==============================================================================

    Total RO  Size (Code + RO Data)                25132 (  24.54kB)
    Total RW  Size (RW Data + ZI Data)              2016 (   1.97kB)
    Total ROM Size (Code + RO Data + RW Data)      25204 (  24.61kB)

==============================================================================

